Component: ARM Compiler 5.06 update 6 (build 750) Tool: armlink [4d35ed]

==============================================================================

Section Cross References

    startup_stm32f429xx.o(STACK) refers (Special) to heapauxi.o(.text) for __use_two_region_memory
    startup_stm32f429xx.o(HEAP) refers (Special) to heapauxi.o(.text) for __use_two_region_memory
    startup_stm32f429xx.o(RESET) refers (Special) to heapauxi.o(.text) for __use_two_region_memory
    startup_stm32f429xx.o(RESET) refers to startup_stm32f429xx.o(STACK) for __initial_sp
    startup_stm32f429xx.o(RESET) refers to startup_stm32f429xx.o(.text) for Reset_Handler
    startup_stm32f429xx.o(RESET) refers to stm32f4xx_it.o(i.NMI_Handler) for NMI_Handler
    startup_stm32f429xx.o(RESET) refers to stm32f4xx_it.o(i.HardFault_Handler) for HardFault_Handler
    startup_stm32f429xx.o(RESET) refers to stm32f4xx_it.o(i.MemManage_Handler) for MemManage_Handler
    startup_stm32f429xx.o(RESET) refers to stm32f4xx_it.o(i.BusFault_Handler) for BusFault_Handler
    startup_stm32f429xx.o(RESET) refers to stm32f4xx_it.o(i.UsageFault_Handler) for UsageFault_Handler
    startup_stm32f429xx.o(RESET) refers to stm32f4xx_it.o(i.SVC_Handler) for SVC_Handler
    startup_stm32f429xx.o(RESET) refers to stm32f4xx_it.o(i.DebugMon_Handler) for DebugMon_Handler
    startup_stm32f429xx.o(RESET) refers to stm32f4xx_it.o(i.PendSV_Handler) for PendSV_Handler
    startup_stm32f429xx.o(RESET) refers to stm32f4xx_it.o(i.SysTick_Handler) for SysTick_Handler
    startup_stm32f429xx.o(.text) refers (Special) to heapauxi.o(.text) for __use_two_region_memory
    startup_stm32f429xx.o(.text) refers to system_stm32f4xx.o(i.SystemInit) for SystemInit
    startup_stm32f429xx.o(.text) refers to __main.o(!!!main) for __main
    startup_stm32f429xx.o(.text) refers to startup_stm32f429xx.o(HEAP) for Heap_Mem
    startup_stm32f429xx.o(.text) refers to startup_stm32f429xx.o(STACK) for Stack_Mem
    sin_model.o(i.ai_sin_model_create) refers to ai_platform_interface.o(i.ai_platform_network_create) for ai_platform_network_create
    sin_model.o(i.ai_sin_model_create) refers to sin_model.o(.data) for .data
    sin_model.o(i.ai_sin_model_create_and_init) refers to sin_model.o(i.ai_sin_model_create) for ai_sin_model_create
    sin_model.o(i.ai_sin_model_create_and_init) refers to sin_model_data.o(i.ai_sin_model_data_params_get) for ai_sin_model_data_params_get
    sin_model.o(i.ai_sin_model_create_and_init) refers to sin_model.o(i.ai_sin_model_get_error) for ai_sin_model_get_error
    sin_model.o(i.ai_sin_model_create_and_init) refers to ai_platform.o(i.ai_buffer_array_item_set_address) for ai_buffer_array_item_set_address
    sin_model.o(i.ai_sin_model_create_and_init) refers to sin_model.o(i.ai_sin_model_init) for ai_sin_model_init
    sin_model.o(i.ai_sin_model_destroy) refers to ai_platform_interface.o(i.ai_platform_network_destroy) for ai_platform_network_destroy
    sin_model.o(i.ai_sin_model_forward) refers to ai_platform_interface.o(i.ai_platform_network_process) for ai_platform_network_process
    sin_model.o(i.ai_sin_model_get_error) refers to ai_platform_interface.o(i.ai_platform_network_get_error) for ai_platform_network_get_error
    sin_model.o(i.ai_sin_model_get_info) refers to ai_platform_interface.o(i.ai_platform_context_acquire) for ai_platform_context_acquire
    sin_model.o(i.ai_sin_model_get_info) refers to rt_memcpy_w.o(.text) for __aeabi_memcpy4
    sin_model.o(i.ai_sin_model_get_info) refers to ai_platform_interface.o(i.ai_platform_runtime_get_revision) for ai_platform_runtime_get_revision
    sin_model.o(i.ai_sin_model_get_info) refers to ai_platform_interface.o(i.ai_platform_runtime_get_version) for ai_platform_runtime_get_version
    sin_model.o(i.ai_sin_model_get_info) refers to ai_platform_interface.o(i.ai_platform_api_get_version) for ai_platform_api_get_version
    sin_model.o(i.ai_sin_model_get_info) refers to ai_platform_interface.o(i.ai_platform_interface_api_get_version) for ai_platform_interface_api_get_version
    sin_model.o(i.ai_sin_model_get_info) refers to ai_platform_interface.o(i.ai_platform_api_get_network_report) for ai_platform_api_get_network_report
    sin_model.o(i.ai_sin_model_get_info) refers to sin_model.o(.constdata) for .constdata
    sin_model.o(i.ai_sin_model_get_report) refers to ai_platform_interface.o(i.ai_platform_context_acquire) for ai_platform_context_acquire
    sin_model.o(i.ai_sin_model_get_report) refers to rt_memcpy_w.o(.text) for __aeabi_memcpy4
    sin_model.o(i.ai_sin_model_get_report) refers to ai_platform_interface.o(i.ai_platform_runtime_get_revision) for ai_platform_runtime_get_revision
    sin_model.o(i.ai_sin_model_get_report) refers to ai_platform_interface.o(i.ai_platform_runtime_get_version) for ai_platform_runtime_get_version
    sin_model.o(i.ai_sin_model_get_report) refers to ai_platform_interface.o(i.ai_platform_api_get_version) for ai_platform_api_get_version
[...]
    __rt_lib_init_preinit_1                  0x0800027d   Thumb Code     0  libinit2.o(.ARM.Collect$$libinit$$00000004)
    __rt_lib_init_heap_1                     0x08000285   Thumb Code     0  libinit2.o(.ARM.Collect$$libinit$$0000000A)
    __rt_lib_init_lc_common                  0x08000285   Thumb Code     0  libinit2.o(.ARM.Collect$$libinit$$0000000F)
    __rt_lib_init_rand_1                     0x08000285   Thumb Code     0  libinit2.o(.ARM.Collect$$libinit$$0000000E)
    __rt_lib_init_user_alloc_1               0x08000285   Thumb Code     0  libinit2.o(.ARM.Collect$$libinit$$0000000C)
    __rt_lib_init_lc_collate_1               0x0800028b   Thumb Code     0  libinit2.o(.ARM.Collect$$libinit$$00000011)
    __rt_lib_init_lc_ctype_1                 0x0800028b   Thumb Code     0  libinit2.o(.ARM.Collect$$libinit$$00000013)
    __rt_lib_init_lc_monetary_1              0x0800028b   Thumb Code     0  libinit2.o(.ARM.Collect$$libinit$$00000015)
    __rt_lib_init_lc_numeric_2               0x0800028b   Thumb Code     0  libinit2.o(.ARM.Collect$$libinit$$00000016)
    __rt_lib_init_atexit_1                   0x08000295   Thumb Code     0  libinit2.o(.ARM.Collect$$libinit$$0000001B)
    __rt_lib_init_clock_1                    0x08000295   Thumb Code     0  libinit2.o(.ARM.Collect$$libinit$$00000021)
    __rt_lib_init_fp_trap_1                  0x08000295   Thumb Code     0  libinit2.o(.ARM.Collect$$libinit$$0000001F)
    __rt_lib_init_getenv_1                   0x08000295   Thumb Code     0  libinit2.o(.ARM.Collect$$libinit$$00000023)
    __rt_lib_init_lc_numeric_1               0x08000295   Thumb Code     0  libinit2.o(.ARM.Collect$$libinit$$00000017)
    __rt_lib_init_lc_time_1                  0x08000295   Thumb Code     0  libinit2.o(.ARM.Collect$$libinit$$00000019)
    __rt_lib_init_signal_1                   0x08000295   Thumb Code     0  libinit2.o(.ARM.Collect$$libinit$$0000001D)
    __rt_lib_init_stdio_2                    0x08000295   Thumb Code     0  libinit2.o(.ARM.Collect$$libinit$$00000024)
    __rt_lib_init_alloca_1                   0x08000299   Thumb Code     0  libinit2.o(.ARM.Collect$$libinit$$0000002E)
    __rt_lib_init_argv_1                     0x08000299   Thumb Code     0  libinit2.o(.ARM.Collect$$libinit$$0000002C)
    __rt_lib_init_cpp_1                      0x08000299   Thumb Code     0  libinit2.o(.ARM.Collect$$libinit$$00000032)
    __rt_lib_init_exceptions_1               0x08000299   Thumb Code     0  libinit2.o(.ARM.Collect$$libinit$$00000030)
    __rt_lib_init_return                     0x08000299   Thumb Code     0  libinit2.o(.ARM.Collect$$libinit$$00000033)
    __rt_lib_init_stdio_1                    0x08000299   Thumb Code     0  libinit2.o(.ARM.Collect$$libinit$$00000025)
    __rt_lib_shutdown                        0x0800029b   Thumb Code     0  libshutdown.o(.ARM.Collect$$libshutdown$$00000000)
    __rt_lib_shutdown_cpp_1                  0x0800029d   Thumb Code     0  libshutdown2.o(.ARM.Collect$$libshutdown$$00000002)
    __rt_lib_shutdown_stdio_2                0x0800029d   Thumb Code     0  libshutdown2.o(.ARM.Collect$$libshutdown$$00000003)
    __rt_lib_shutdown_fp_trap_1              0x080002a1   Thumb Code     0  libshutdown2.o(.ARM.Collect$$libshutdown$$00000007)
    __rt_lib_shutdown_heap_1                 0x080002a1   Thumb Code     0  libshutdown2.o(.ARM.Collect$$libshutdown$$0000000F)
    __rt_lib_shutdown_return                 0x080002a1   Thumb Code     0  libshutdown2.o(.ARM.Collect$$libshutdown$$00000010)
    __rt_lib_shutdown_signal_1               0x080002a1   Thumb Code     0  libshutdown2.o(.ARM.Collect$$libshutdown$$0000000A)
    __rt_lib_shutdown_stdio_1                0x080002a1   Thumb Code     0  libshutdown2.o(.ARM.Collect$$libshutdown$$00000004)
    __rt_lib_shutdown_user_alloc_1           0x080002a1   Thumb Code     0  libshutdown2.o(.ARM.Collect$$libshutdown$$0000000C)
    __rt_entry                               0x080002a3   Thumb Code     0  __rtentry.o(.ARM.Collect$$rtentry$$00000000)
    __rt_entry_presh_1                       0x080002a3   Thumb Code     0  __rtentry2.o(.ARM.Collect$$rtentry$$00000002)
    __rt_entry_sh                            0x080002a3   Thumb Code     0  __rtentry4.o(.ARM.Collect$$rtentry$$00000004)
    __rt_entry_li                            0x080002a9   Thumb Code     0  __rtentry2.o(.ARM.Collect$$rtentry$$0000000A)
    __rt_entry_postsh_1                      0x080002a9   Thumb Code     0  __rtentry2.o(.ARM.Collect$$rtentry$$00000009)
    __rt_entry_main                          0x080002ad   Thumb Code     0  __rtentry2.o(.ARM.Collect$$rtentry$$0000000D)
    __rt_entry_postli_1                      0x080002ad   Thumb Code     0  __rtentry2.o(.ARM.Collect$$rtentry$$0000000C)
    __rt_exit                                0x080002b5   Thumb Code     0  rtexit.o(.ARM.Collect$$rtexit$$00000000)
    __rt_exit_ls                             0x080002b7   Thumb Code     0  rtexit2.o(.ARM.Collect$$rtexit$$00000003)
    __rt_exit_prels_1                        0x080002b7   Thumb Code     0  rtexit2.o(.ARM.Collect$$rtexit$$00000002)
    __rt_exit_exit                           0x080002bb   Thumb Code     0  rtexit2.o(.ARM.Collect$$rtexit$$00000004)
    Reset_Handler                            0x080002c1   Thumb Code     8  startup_stm32f429xx.o(.text)
    _maybe_terminate_alloc                   0x080002c1   Thumb Code     0  maybetermalloc1.o(.emb_text)
    ADC_IRQHandler                           0x080002db   Thumb Code     0  startup_stm32f429xx.o(.text)
    CAN1_RX0_IRQHandler                      0x080002db   Thumb Code     0  startup_stm32f429xx.o(.text)
    CAN1_RX1_IRQHandler                      0x080002db   Thumb Code     0  startup_stm32f429xx.o(.text)
    CAN1_SCE_IRQHandler                      0x080002db   Thumb Code     0  startup_stm32f429xx.o(.text)
    CAN1_TX_IRQHandler                       0x080002db   Thumb Code     0  startup_stm32f429xx.o(.text)
    CAN2_RX0_IRQHandler                      0x080002db   Thumb Code     0  startup_stm32f429xx.o(.text)
    CAN2_RX1_IRQHandler                      0x080002db   Thumb Code     0  startup_stm32f429xx.o(.text)
    CAN2_SCE_IRQHandler                      0x080002db   Thumb Code     0  startup_stm32f429xx.o(.text)
    CAN2_TX_IRQHandler                       0x080002db   Thumb Code     0  startup_stm32f429xx.o(.text)
    DCMI_IRQHandler                          0x080002db   Thumb Code     0  startup_stm32f429xx.o(.text)
    DMA1_Stream0_IRQHandler                  0x080002db   Thumb Code     0  startup_stm32f429xx.o(.text)
    DMA1_Stream1_IRQHandler                  0x080002db   Thumb Code     0  startup_stm32f429xx.o(.text)
    DMA1_Stream2_IRQHandler                  0x080002db   Thumb Code     0  startup_stm32f429xx.o(.text)
    DMA1_Stream3_IRQHandler                  0x080002db   Thumb Code     0  startup_stm32f429xx.o(.text)
    DMA1_Stream4_IRQHandler                  0x080002db   Thumb Code     0  startup_stm32f429xx.o(.text)
    DMA1_Stream5_IRQHandler                  0x080002db   Thumb Code     0  startup_stm32f429xx.o(.text)
    DMA1_Stream6_IRQHandler                  0x080002db   Thumb Code     0  startup_stm32f429xx.o(.text)
    DMA1_Stream7_IRQHandler                  0x080002db   Thumb Code     0  startup_stm32f429xx.o(.text)
    DMA2D_IRQHandler                         0x080002db   Thumb Code     0  startup_stm32f429xx.o(.text)
    DMA2_Stream0_IRQHandler                  0x080002db   Thumb Code     0  startup_stm32f429xx.o(.text)
    DMA2_Stream1_IRQHandler                  0x080002db   Thumb Code     0  startup_stm32f429xx.o(.text)
    DMA2_Stream2_IRQHandler                  0x080002db   Thumb Code     0  startup_stm32f429xx.o(.text)
    DMA2_Stream3_IRQHandler                  0x080002db   Thumb Code     0  startup_stm32f429xx.o(.text)
    DMA2_Stream4_IRQHandler                  0x080002db   Thumb Code     0  startup_stm32f429xx.o(.text)
    DMA2_Stream5_IRQHandler                  0x080002db   Thumb Code     0  startup_stm32f429xx.o(.text)
    DMA2_Stream6_IRQHandler                  0x080002db   Thumb Code     0  startup_stm32f429xx.o(.text)
    DMA2_Stream7_IRQHandler                  0x080002db   Thumb Code     0  startup_stm32f429xx.o(.text)
    ETH_IRQHandler                           0x080002db   Thumb Code     0  startup_stm32f429xx.o(.text)
    ETH_WKUP_IRQHandler                      0x080002db   Thumb Code     0  startup_stm32f429xx.o(.text)
    EXTI0_IRQHandler                         0x080002db   Thumb Code     0  startup_stm32f429xx.o(.text)
    EXTI15_10_IRQHandler                     0x080002db   Thumb Code     0  startup_stm32f429xx.o(.text)
    EXTI1_IRQHandler                         0x080002db   Thumb Code     0  startup_stm32f429xx.o(.text)
    EXTI2_IRQHandler                         0x080002db   Thumb Code     0  startup_stm32f429xx.o(.text)
    EXTI3_IRQHandler                         0x080002db   Thumb Code     0  startup_stm32f429xx.o(.text)
    EXTI4_IRQHandler                         0x080002db   Thumb Code     0  startup_stm32f429xx.o(.text)
    EXTI9_5_IRQHandler                       0x080002db   Thumb Code     0  startup_stm32f429xx.o(.text)
    FLASH_IRQHandler                         0x080002db   Thumb Code     0  startup_stm32f429xx.o(.text)
    FMC_IRQHandler                           0x080002db   Thumb Code     0  startup_stm32f429xx.o(.text)
    FPU_IRQHandler                           0x080002db   Thumb Code     0  startup_stm32f429xx.o(.text)
    HASH_RNG_IRQHandler                      0x080002db   Thumb Code     0  startup_stm32f429xx.o(.text)
    I2C1_ER_IRQHandler                       0x080002db   Thumb Code     0  startup_stm32f429xx.o(.text)
    I2C1_EV_IRQHandler                       0x080002db   Thumb Code     0  startup_stm32f429xx.o(.text)
    I2C2_ER_IRQHandler                       0x080002db   Thumb Code     0  startup_stm32f429xx.o(.text)
    I2C2_EV_IRQHandler                       0x080002db   Thumb Code     0  startup_stm32f429xx.o(.text)
    I2C3_ER_IRQHandler                       0x080002db   Thumb Code     0  startup_stm32f429xx.o(.text)
    I2C3_EV_IRQHandler                       0x080002db   Thumb Code     0  startup_stm32f429xx.o(.text)
    LTDC_ER_IRQHandler                       0x080002db   Thumb Code     0  startup_stm32f429xx.o(.text)
    LTDC_IRQHandler                          0x080002db   Thumb Code     0  startup_stm32f429xx.o(.text)
    OTG_FS_IRQHandler                        0x080002db   Thumb Code     0  startup_stm32f429xx.o(.text)
    OTG_FS_WKUP_IRQHandler                   0x080002db   Thumb Code     0  startup_stm32f429xx.o(.text)
    OTG_HS_EP1_IN_IRQHandler                 0x080002db   Thumb Code     0  startup_stm32f429xx.o(.text)
    OTG_HS_EP1_OUT_IRQHandler                0x080002db   Thumb Code     0  startup_stm32f429xx.o(.text)
    OTG_HS_IRQHandler                        0x080002db   Thumb Code     0  startup_stm32f429xx.o(.text)
    OTG_HS_WKUP_IRQHandler                   0x080002db   Thumb Code     0  startup_stm32f429xx.o(.text)
    PVD_IRQHandler                           0x080002db   Thumb Code     0  startup_stm32f429xx.o(.text)
    RCC_IRQHandler                           0x080002db   Thumb Code     0  startup_stm32f429xx.o(.text)
    RTC_Alarm_IRQHandler                     0x080002db   Thumb Code     0  startup_stm32f429xx.o(.text)
    RTC_WKUP_IRQHandler                      0x080002db   Thumb Code     0  startup_stm32f429xx.o(.text)
    SAI1_IRQHandler                          0x080002db   Thumb Code     0  startup_stm32f429xx.o(.text)
    SDIO_IRQHandler                          0x080002db   Thumb Code     0  startup_stm32f429xx.o(.text)
    SPI1_IRQHandler                          0x080002db   Thumb Code     0  startup_stm32f429xx.o(.text)
    SPI2_IRQHandler                          0x080002db   Thumb Code     0  startup_stm32f429xx.o(.text)
    SPI3_IRQHandler                          0x080002db   Thumb Code     0  startup_stm32f429xx.o(.text)
    SPI4_IRQHandler                          0x080002db   Thumb Code     0  startup_stm32f429xx.o(.text)
    SPI5_IRQHandler                          0x080002db   Thumb Code     0  startup_stm32f429xx.o(.text)
    SPI6_IRQHandler                          0x080002db   Thumb Code     0  startup_stm32f429xx.o(.text)
    TAMP_STAMP_IRQHandler                    0x080002db   Thumb Code     0  startup_stm32f429xx.o(.text)
    TIM1_BRK_TIM9_IRQHandler                 0x080002db   Thumb Code     0  startup_stm32f429xx.o(.text)
    TIM1_CC_IRQHandler                       0x080002db   Thumb Code     0  startup_stm32f429xx.o(.text)
    TIM1_TRG_COM_TIM11_IRQHandler            0x080002db   Thumb Code     0  startup_stm32f429xx.o(.text)
    TIM1_UP_TIM10_IRQHandler                 0x080002db   Thumb Code     0  startup_stm32f429xx.o(.text)
    TIM2_IRQHandler                          0x080002db   Thumb Code     0  startup_stm32f429xx.o(.text)
    TIM3_IRQHandler                          0x080002db   Thumb Code     0  startup_stm32f429xx.o(.text)
    TIM4_IRQHandler                          0x080002db   Thumb Code     0  startup_stm32f429xx.o(.text)
    TIM5_IRQHandler                          0x080002db   Thumb Code     0  startup_stm32f429xx.o(.text)
    TIM6_DAC_IRQHandler                      0x080002db   Thumb Code     0  startup_stm32f429xx.o(.text)
    TIM7_IRQHandler                          0x080002db   Thumb Code     0  startup_stm32f429xx.o(.text)
    TIM8_BRK_TIM12_IRQHandler                0x080002db   Thumb Code     0  startup_stm32f429xx.o(.text)
    TIM8_CC_IRQHandler                       0x080002db   Thumb Code     0  startup_stm32f429xx.o(.text)
    TIM8_TRG_COM_TIM14_IRQHandler            0x080002db   Thumb Code     0  startup_stm32f429xx.o(.text)
    TIM8_UP_TIM13_IRQHandler                 0x080002db   Thumb Code     0  startup_stm32f429xx.o(.text)
    UART4_IRQHandler                         0x080002db   Thumb Code     0  startup_stm32f429xx.o(.text)
    UART5_IRQHandler                         0x080002db   Thumb Code     0  startup_stm32f429xx.o(.text)
    UART7_IRQHandler                         0x080002db   Thumb Code     0  startup_stm32f429xx.o(.text)
    UART8_IRQHandler                         0x080002db   Thumb Code     0  startup_stm32f429xx.o(.text)
    USART1_IRQHandler                        0x080002db   Thumb Code     0  startup_stm32f429xx.o(.text)
    USART2_IRQHandler                        0x080002db   Thumb Code     0  startup_stm32f429xx.o(.text)
    USART3_IRQHandler                        0x080002db   Thumb Code     0  startup_stm32f429xx.o(.text)
    USART6_IRQHandler                        0x080002db   Thumb Code     0  startup_stm32f429xx.o(.text)
    WWDG_IRQHandler                          0x080002db   Thumb Code     0  startup_stm32f429xx.o(.text)
    __user_initial_stackheap                 0x080002dd   Thumb Code     0  startup_stm32f429xx.o(.text)
    malloc                                   0x08000301   Thumb Code    94  h1_alloc.o(.text)
    free                                     0x0800035f   Thumb Code    78  h1_free.o(.text)
    __aeabi_uldivmod                         0x080003ad   Thumb Code     0  lludivv7m.o(.text)
    _ll_udiv                                 0x080003ad   Thumb Code   238  lludivv7m.o(.text)
    __2printf                                0x0800049d   Thumb Code    20  noretval__2printf.o(.text)
    _printf_str                              0x080004b5   Thumb Code    82  _printf_str.o(.text)
    _printf_int_dec                          0x08000509   Thumb Code   104  _printf_dec.o(.text)
    __printf                                 0x08000581   Thumb Code   308  __printf_flags_wp.o(.text)
    memcmp                                   0x080006b9   Thumb Code    88  memcmp.o(.text)
    __aeabi_memcpy4                          0x08000711   Thumb Code     0  rt_memcpy_w.o(.text)
    __aeabi_memcpy8                          0x08000711   Thumb Code     0  rt_memcpy_w.o(.text)
    __rt_memcpy_w                            0x08000711   Thumb Code   100  rt_memcpy_w.o(.text)
    _memcpy_lastbytes_aligned                0x08000759   Thumb Code     0  rt_memcpy_w.o(.text)
    __aeabi_memclr4                          0x08000775   Thumb Code     0  rt_memclr_w.o(.text)
    __aeabi_memclr8                          0x08000775   Thumb Code     0  rt_memclr_w.o(.text)
    __rt_memclr_w                            0x08000775   Thumb Code    78  rt_memclr_w.o(.text)
    _memset_w                                0x08000779   Thumb Code     0  rt_memclr_w.o(.text)
    __use_two_region_memory                  0x080007c3   Thumb Code     2  heapauxi.o(.text)
    __rt_heap_escrow                         0x080007c5   Thumb Code     2  heapauxi.o(.text)
    __rt_heap_expand                         0x080007c7   Thumb Code     2  heapauxi.o(.text)
    __rt_heap_descriptor                     0x080007c9   Thumb Code     8  rt_heap_descriptor_intlibspace.o(.text)
    __use_no_heap                            0x080007d1   Thumb Code     2  hguard.o(.text)
    __heap$guard                             0x080007d3   Thumb Code     2  hguard.o(.text)
    _terminate_user_alloc                    0x080007d5   Thumb Code     2  init_alloc.o(.text)
    _init_user_alloc                         0x080007d7   Thumb Code     2  init_alloc.o(.text)
    __Heap_Full                              0x080007d9   Thumb Code    34  init_alloc.o(.text)
    __Heap_Broken                            0x080007fb   Thumb Code     6  init_alloc.o(.text)
    _init_alloc                              0x08000801   Thumb Code    94  init_alloc.o(.text)
    __Heap_Initialize                        0x0800085f   Thumb Code    10  h1_init.o(.text)
    __Heap_DescSize                          0x08000869   Thumb Code     4  h1_init.o(.text)
    _printf_int_common                       0x0800086d   Thumb Code   178  _printf_intcommon.o(.text)
    __lib_sel_fp_printf                      0x0800091f   Thumb Code     2  _printf_fp_dec.o(.text)
    _printf_fp_dec_real                      0x08000ad1   Thumb Code   620  _printf_fp_dec.o(.text)
    _printf_cs_common                        0x08000d3d   Thumb Code    20  _printf_char.o(.text)
    _printf_char                             0x08000d51   Thumb Code    16  _printf_char.o(.text)
    _printf_string                           0x08000d61   Thumb Code     8  _printf_char.o(.text)
    _printf_char_file                        0x08000d69   Thumb Code    32  _printf_char_file.o(.text)
    __user_libspace                          0x08000d8d   Thumb Code     8  libspace.o(.text)
    __user_perproc_libspace                  0x08000d8d   Thumb Code     0  libspace.o(.text)
    __user_perthread_libspace                0x08000d8d   Thumb Code     0  libspace.o(.text)
    __rt_locale                              0x08000d95   Thumb Code     8  rt_locale_intlibspace.o(.text)
    __aeabi_errno_addr                       0x08000d9d   Thumb Code     8  rt_errno_addr_intlibspace.o(.text)
    __errno$intlibspace                      0x08000d9d   Thumb Code     0  rt_errno_addr_intlibspace.o(.text)
    __rt_errno_addr$intlibspace              0x08000d9d   Thumb Code     0  rt_errno_addr_intlibspace.o(.text)
    __Heap_ProvideMemory                     0x08000da5   Thumb Code    52  h1_extend.o(.text)
    _ll_udiv10                               0x08000dd9   Thumb Code   138  lludiv10.o(.text)
    _printf_char_common                      0x08000e6f   Thumb Code    32  _printf_char_common.o(.text)
    _printf_fp_infnan                        0x08000e95   Thumb Code   112  _printf_fp_infnan.o(.text)
    _btod_etento                             0x08000f15   Thumb Code   224  bigflt0.o(.text)
    ferror                                   0x08000ff9   Thumb Code     8  ferror.o(.text)
    _initio                                  0x08001001   Thumb Code   210  initio.o(.text)
    _terminateio                             0x080010d3   Thumb Code    56  initio.o(.text)
    __rt_SIGRTMEM                            0x08001139   Thumb Code    14  defsig_rtmem_outer.o(.text)
    _sys_open                                0x08001147   Thumb Code    20  sys_io.o(.text)
    _sys_close                               0x0800115b   Thumb Code    12  sys_io.o(.text)
    _sys_write                               0x08001167   Thumb Code    16  sys_io.o(.text)
    _sys_read                                0x08001177   Thumb Code    14  sys_io.o(.text)
    _sys_istty                               0x08001185   Thumb Code    12  sys_io.o(.text)
    _sys_seek                                0x08001191   Thumb Code    14  sys_io.o(.text)
    _sys_ensure                              0x0800119f   Thumb Code     2  sys_io.o(.text)
    _sys_flen                                0x080011a1   Thumb Code    12  sys_io.o(.text)
    __I$use$semihosting                      0x080011ad   Thumb Code     0  use_no_semi.o(.text)
    __use_no_semihosting_swi                 0x080011ad   Thumb Code     2  use_no_semi.o(.text)
    __semihosting_library_function           0x080011af   Thumb Code     0  indicate_semi.o(.text)
    __user_setup_stackheap                   0x080011af   Thumb Code    74  sys_stackheap_outer.o(.text)
    setvbuf                                  0x080011f9   Thumb Code    70  setvbuf.o(.text)
    freopen                                  0x08001241   Thumb Code   158  fopen.o(.text)
    fopen                                    0x080012df   Thumb Code    74  fopen.o(.text)
    _fclose_internal                         0x0800132d   Thumb Code    76  fclose.o(.text)
    fclose                                   0x0800132d   Thumb Code     0  fclose.o(.text)
    exit                                     0x08001379   Thumb Code    18  exit.o(.text)
    __sig_exit                               0x0800138b   Thumb Code    10  defsig_exit.o(.text)
    __rt_SIGRTRED                            0x08001395   Thumb Code    14  defsig_rtred_outer.o(.text)
    __rt_SIGRTMEM_inner                      0x080013a5   Thumb Code    22  defsig_rtmem_inner.o(.text)
    strcmp                                   0x080013f5   Thumb Code   128  strcmpv7m.o(.text)
    _sys_exit                                0x08001475   Thumb Code     8  sys_exit.o(.text)
    _fseek                                   0x08001481   Thumb Code   242  fseek.o(.text)
    fseek                                    0x08001481   Thumb Code     0  fseek.o(.text)
    _seterr                                  0x08001579   Thumb Code    20  stdio.o(.text)
    _writebuf                                0x0800158d   Thumb Code    84  stdio.o(.text)
    _fflush                                  0x080015e1   Thumb Code    70  stdio.o(.text)
    _deferredlazyseek                        0x08001627   Thumb Code    60  stdio.o(.text)
    __default_signal_display                 0x08001669   Thumb Code    50  defsig_general.o(.text)
    __rt_SIGRTRED_inner                      0x0800169d   Thumb Code    14  defsig_rtred_inner.o(.text)
    strlen                                   0x080016d1   Thumb Code    62  strlen.o(.text)
    _ttywrch                                 0x0800170f   Thumb Code    14  sys_wrch.o(.text)
    _ftell_internal                          0x0800171d   Thumb Code    66  ftell.o(.text)
    ftell                                    0x0800171d   Thumb Code     0  ftell.o(.text)
    _btod_d2e                                0x0800175f   Thumb Code    62  btod.o(CL$$btod_d2e)
    _d2e_denorm_low                          0x0800179d   Thumb Code    70  btod.o(CL$$btod_d2e_denorm_low)
    _d2e_norm_op1                            0x080017e3   Thumb Code    96  btod.o(CL$$btod_d2e_norm_op1)
    __btod_div_common                        0x08001843   Thumb Code   696  btod.o(CL$$btod_div_common)
    _e2e                                     0x08001b7b   Thumb Code   220  btod.o(CL$$btod_e2e)
    _btod_ediv                               0x08001c57   Thumb Code    42  btod.o(CL$$btod_ediv)
    _btod_emul                               0x08001c81   Thumb Code    42  btod.o(CL$$btod_emul)
    __btod_mult_common                       0x08001cab   Thumb Code   580  btod.o(CL$$btod_mult_common)
    BusFault_Handler                         0x08001eef   Thumb Code     2  stm32f4xx_it.o(i.BusFault_Handler)
    DebugMon_Handler                         0x08001f51   Thumb Code     2  stm32f4xx_it.o(i.DebugMon_Handler)
    HAL_CRC_Init                             0x08001f53   Thumb Code    34  stm32f4xx_hal_crc.o(i.HAL_CRC_Init)
    HAL_CRC_MspInit                          0x08001f75   Thumb Code    30  stm32f4xx_hal_msp.o(i.HAL_CRC_MspInit)
    HAL_Delay                                0x08001f9d   Thumb Code    32  stm32f4xx_hal.o(i.HAL_Delay)
    HAL_GPIO_Init                            0x08001fc1   Thumb Code   510  stm32f4xx_hal_gpio.o(i.HAL_GPIO_Init)
    HAL_GPIO_TogglePin                       0x080021f5   Thumb Code    16  stm32f4xx_hal_gpio.o(i.HAL_GPIO_TogglePin)
    HAL_GPIO_WritePin                        0x08002205   Thumb Code    10  stm32f4xx_hal_gpio.o(i.HAL_GPIO_WritePin)
    HAL_GetTick                              0x08002211   Thumb Code     6  stm32f4xx_hal.o(i.HAL_GetTick)
    HAL_IncTick                              0x0800221d   Thumb Code    12  stm32f4xx_hal.o(i.HAL_IncTick)
    HAL_Init                                 0x0800222d   Thumb Code    48  stm32f4xx_hal.o(i.HAL_Init)
    HAL_InitTick                             0x08002261   Thumb Code    54  stm32f4xx_hal.o(i.HAL_InitTick)
    HAL_MspInit                              0x080022a1   Thumb Code    42  stm32f4xx_hal_msp.o(i.HAL_MspInit)
    HAL_NVIC_SetPriority                     0x080022d1   Thumb Code    60  stm32f4xx_hal_cortex.o(i.HAL_NVIC_SetPriority)
    HAL_NVIC_SetPriorityGrouping             0x08002311   Thumb Code    26  stm32f4xx_hal_cortex.o(i.HAL_NVIC_SetPriorityGrouping)
    HAL_PWREx_EnableOverDrive                0x08002335   Thumb Code    98  stm32f4xx_hal_pwr_ex.o(i.HAL_PWREx_EnableOverDrive)
    HAL_RCC_ClockConfig                      0x080023a5   Thumb Code   288  stm32f4xx_hal_rcc.o(i.HAL_RCC_ClockConfig)
    HAL_RCC_GetPCLK1Freq                     0x080024d9   Thumb Code    20  stm32f4xx_hal_rcc.o(i.HAL_RCC_GetPCLK1Freq)
    HAL_RCC_GetPCLK2Freq                     0x080024f9   Thumb Code    20  stm32f4xx_hal_rcc.o(i.HAL_RCC_GetPCLK2Freq)
    HAL_RCC_GetSysClockFreq                  0x08002519   Thumb Code    88  stm32f4xx_hal_rcc.o(i.HAL_RCC_GetSysClockFreq)
    HAL_RCC_OscConfig                        0x0800257d   Thumb Code   856  stm32f4xx_hal_rcc.o(i.HAL_RCC_OscConfig)
    HAL_SYSTICK_Config                       0x080028e9   Thumb Code    40  stm32f4xx_hal_cortex.o(i.HAL_SYSTICK_Config)
    HAL_TIMEx_MasterConfigSynchronization    0x08002911   Thumb Code   116  stm32f4xx_hal_tim_ex.o(i.HAL_TIMEx_MasterConfigSynchronization)
    HAL_TIM_Base_Init                        0x080029a1   Thumb Code    90  stm32f4xx_hal_tim.o(i.HAL_TIM_Base_Init)
    HAL_TIM_Base_MspInit                     0x080029fd   Thumb Code    30  stm32f4xx_hal_msp.o(i.HAL_TIM_Base_MspInit)
    HAL_TIM_Base_Start                       0x08002a25   Thumb Code    90  stm32f4xx_hal_tim.o(i.HAL_TIM_Base_Start)
    HAL_TIM_ConfigClockSource                0x08002a9d   Thumb Code   220  stm32f4xx_hal_tim.o(i.HAL_TIM_ConfigClockSource)
    HAL_UART_Init                            0x08002b79   Thumb Code    98  stm32f4xx_hal_uart.o(i.HAL_UART_Init)
    HAL_UART_MspInit                         0x08002bdd   Thumb Code    94  stm32f4xx_hal_msp.o(i.HAL_UART_MspInit)
    HAL_UART_Transmit                        0x08002c49   Thumb Code   178  stm32f4xx_hal_uart.o(i.HAL_UART_Transmit)
    HardFault_Handler                        0x08002cfb   Thumb Code     2  stm32f4xx_it.o(i.HardFault_Handler)
    MemManage_Handler                        0x08002dc5   Thumb Code     2  stm32f4xx_it.o(i.MemManage_Handler)
    NMI_Handler                              0x08002dc7   Thumb Code     2  stm32f4xx_it.o(i.NMI_Handler)
    PendSV_Handler                           0x08002dc9   Thumb Code     2  stm32f4xx_it.o(i.PendSV_Handler)
    SVC_Handler                              0x08002dcb   Thumb Code     2  stm32f4xx_it.o(i.SVC_Handler)
    SysTick_Handler                          0x08002dcd   Thumb Code     4  stm32f4xx_it.o(i.SysTick_Handler)
    SystemClock_Config                       0x08002dd1   Thumb Code   150  main.o(i.SystemClock_Config)
    SystemInit                               0x08002e71   Thumb Code    12  system_stm32f4xx.o(i.SystemInit)
    TIM_Base_SetConfig                       0x08002e81   Thumb Code   156  stm32f4xx_hal_tim.o(i.TIM_Base_SetConfig)
    TIM_ETR_SetConfig                        0x08002f49   Thumb Code    20  stm32f4xx_hal_tim.o(i.TIM_ETR_SetConfig)
    UsageFault_Handler                       0x08003139   Thumb Code     2  stm32f4xx_it.o(i.UsageFault_Handler)
    __ARM_fpclassify                         0x0800313b   Thumb Code    48  fpclassify.o(i.__ARM_fpclassify)
    _ai_platform_acquire_crc                 0x080034ab   Thumb Code     4  ai_platform_interface.o(i._ai_platform_acquire_crc)
    _ai_platform_release_crc                 0x08003591   Thumb Code     2  ai_platform_interface.o(i._ai_platform_release_crc)
    _is_digit                                0x08003679   Thumb Code    14  __printf_wp.o(i._is_digit)
    ai_array_get_byte_size                   0x08003aaf   Thumb Code    54  ai_datatypes_format.o(i.ai_array_get_byte_size)
    ai_array_get_data_byte_size              0x08003ae5   Thumb Code    30  ai_datatypes_format.o(i.ai_array_get_data_byte_size)
    ai_array_to_buffer_fmt                   0x08003b05   Thumb Code   242  ai_datatypes_format.o(i.ai_array_to_buffer_fmt)
    ai_buffer_array_item_set_address         0x08003c2d   Thumb Code    36  ai_platform.o(i.ai_buffer_array_item_set_address)
    ai_buffer_array_sane                     0x08003c51   Thumb Code    18  ai_platform.o(i.ai_buffer_array_sane)
    ai_buffer_get_size                       0x08003c65   Thumb Code    96  ai_platform.o(i.ai_buffer_get_size)
    ai_check_custom_types                    0x08003ccd   Thumb Code    38  layers.o(i.ai_check_custom_types)
    ai_layers_forward_all                    0x08003cf9   Thumb Code    80  layers.o(i.ai_layers_forward_all)
    ai_layers_init_all                       0x08003d49   Thumb Code    30  layers.o(i.ai_layers_init_all)
    ai_layers_post_init_all                  0x08003d67   Thumb Code    54  layers.o(i.ai_layers_post_init_all)
    ai_platform_api_get_network_report       0x08003d9d   Thumb Code   372  ai_platform_interface.o(i.ai_platform_api_get_network_report)
    ai_platform_api_get_version              0x08003f29   Thumb Code    14  ai_platform_interface.o(i.ai_platform_api_get_version)
    ai_platform_bind_network_params          0x08003f3d   Thumb Code    38  ai_platform_interface.o(i.ai_platform_bind_network_params)
    ai_platform_context_acquire              0x08003f69   Thumb Code    24  ai_platform_interface.o(i.ai_platform_context_acquire)
    ai_platform_get_activations_map          0x08003f85   Thumb Code    38  ai_platform_interface.o(i.ai_platform_get_activations_map)
    ai_platform_get_weights_map              0x08003fb1   Thumb Code    36  ai_platform_interface.o(i.ai_platform_get_weights_map)
    ai_platform_inputs_get                   0x08003fd9   Thumb Code    66  ai_platform_interface.o(i.ai_platform_inputs_get)
    ai_platform_interface_api_get_version    0x0800401d   Thumb Code    14  ai_platform_interface.o(i.ai_platform_interface_api_get_version)
    ai_platform_network_create               0x08004031   Thumb Code   240  ai_platform_interface.o(i.ai_platform_network_create)
    ai_platform_network_get_error            0x08004139   Thumb Code    24  ai_platform_interface.o(i.ai_platform_network_get_error)
    ai_platform_network_init                 0x08004155   Thumb Code   254  ai_platform_interface.o(i.ai_platform_network_init)
    ai_platform_network_post_init            0x08004261   Thumb Code    70  ai_platform_interface.o(i.ai_platform_network_post_init)
    ai_platform_network_process              0x080042a7   Thumb Code    84  ai_platform_interface.o(i.ai_platform_network_process)
    ai_platform_network_set_error            0x080042fb   Thumb Code    12  ai_platform_interface.o(i.ai_platform_network_set_error)
    ai_platform_outputs_get                  0x08004307   Thumb Code    72  ai_platform_interface.o(i.ai_platform_outputs_get)
    ai_platform_runtime_get_revision         0x08004351   Thumb Code    10  ai_platform_interface.o(i.ai_platform_runtime_get_revision)
    ai_platform_runtime_get_version          0x08004361   Thumb Code    14  ai_platform_interface.o(i.ai_platform_runtime_get_version)
    ai_platform_version_get                  0x08004375   Thumb Code    24  ai_datatypes_internal.o(i.ai_platform_version_get)
    ai_sin_model_create                      0x080043a9   Thumb Code    20  sin_model.o(i.ai_sin_model_create)
    ai_sin_model_create_and_init             0x080043c1   Thumb Code   132  sin_model.o(i.ai_sin_model_create_and_init)
    ai_sin_model_data_params_get             0x08004445   Thumb Code    36  sin_model_data.o(i.ai_sin_model_data_params_get)
    ai_sin_model_get_error                   0x0800446d   Thumb Code     4  sin_model.o(i.ai_sin_model_get_error)
    ai_sin_model_get_report                  0x08004471   Thumb Code    82  sin_model.o(i.ai_sin_model_get_report)
    ai_sin_model_init                        0x080044c9   Thumb Code    48  sin_model.o(i.ai_sin_model_init)
    ai_sin_model_inputs_get                  0x080044f9   Thumb Code    12  sin_model.o(i.ai_sin_model_inputs_get)
    ai_sin_model_outputs_get                 0x0800450d   Thumb Code    12  sin_model.o(i.ai_sin_model_outputs_get)
    ai_sin_model_run                         0x08004521   Thumb Code     4  sin_model.o(i.ai_sin_model_run)
    ai_version_get                           0x08004525   Thumb Code    12  ai_datatypes_internal.o(i.ai_version_get)
    core_get_error                           0x08004531   Thumb Code    12  core_common.o(i.core_get_error)
    core_init                                0x0800453d   Thumb Code     4  core_common.o(i.core_init)
    core_set_error                           0x08004541   Thumb Code    26  core_common.o(i.core_set_error)
    forward_dense                            0x0800455d   Thumb Code   488  layers_conv2d_generic_float.o(i.forward_dense)
    forward_lite_dense_if32of32wf32          0x08004749   Thumb Code   120  lite_dense_if32.o(i.forward_lite_dense_if32of32wf32)
    forward_relu                             0x080047c5   Thumb Code   202  layers_nl_generic_float.o(i.forward_relu)
    fputc                                    0x08004895   Thumb Code    20  main.o(i.fputc)
    get_tensor_byte_size                     0x080048ad   Thumb Code    34  ai_datatypes_internal.o(i.get_tensor_byte_size)
    main                                     0x080048d5   Thumb Code   394  main.o(i.main)
    st_int8_copy                             0x08004c59   Thumb Code   144  st_int8_fill.o(i.st_int8_copy)
    _get_lc_numeric                          0x08004ce9   Thumb Code    44  lc_numeric_c.o(locale$$code)
    __fpl_dretinf                            0x08004d15   Thumb Code    12  dretinf.o(x$fpl$dretinf)
    __aeabi_f2d                              0x08004d21   Thumb Code     0  f2d.o(x$fpl$f2d)
    _f2d                                     0x08004d21   Thumb Code    86  f2d.o(x$fpl$f2d)
    __fpl_fnaninf                            0x08004d77   Thumb Code   140  fnaninf.o(x$fpl$fnaninf)
    _fp_init                                 0x08004e03   Thumb Code    10  fpinit.o(x$fpl$fpinit)
    __fplib_config_fpu_vfp                   0x08004e0b   Thumb Code     0  fpinit.o(x$fpl$fpinit)
    __fplib_config_pureend_doubles           0x08004e0b   Thumb Code     0  fpinit.o(x$fpl$fpinit)
    _printf_fp_dec                           0x08004e0d   Thumb Code     4  printf1.o(x$fpl$printf1)
    __I$use$fp                               0x08004e10   Number         0  usenofp.o(x$fpl$usenofp)
    s_sin_model_weights_array_u64            0x08004fc0   Data        1288  sin_model_data_params.o(.constdata)
    AHBPrescTable                            0x080054cc   Data          16  system_stm32f4xx.o(.constdata)
    APBPrescTable                            0x080054dc   Data           8  system_stm32f4xx.o(.constdata)
    __stdin_name                             0x080055f8   Data           4  sys_io.o(.constdata)
    __stdout_name                            0x080055fc   Data           4  sys_io.o(.constdata)
    __stderr_name                            0x08005600   Data           4  sys_io.o(.constdata)
    Region$$Table$$Base                      0x0800566c   Number         0  anon$$obj.o(Region$$Table)
    Region$$Table$$Limit                     0x0800568c   Number         0  anon$$obj.o(Region$$Table)
    g_sin_model_data_map_activations         0x20000684   Data          28  sin_model_data.o(.data)
    g_sin_model_data_map_weights             0x200006a0   Data          28  sin_model_data.o(.data)
    count                                    0x200006bc   Data           4  main.o(.data)
    time_start                               0x200006c0   Data           4  main.o(.data)
    in_data                                  0x200006c4   Data           4  main.o(.data)
    out_data                                 0x200006c8   Data           4  main.o(.data)
    ai_input                                 0x200006cc   Data           4  main.o(.data)
    ai_output                                0x200006d0   Data           4  main.o(.data)
    out_infer                                0x200006d4   Data           4  main.o(.data)
    hcrc                                     0x200006d8   Data           8  main.o(.data)
    uwTickFreq                               0x200006e0   Data           1  stm32f4xx_hal.o(.data)
    uwTickPrio                               0x200006e4   Data           4  stm32f4xx_hal.o(.data)
    uwTick                                   0x200006e8   Data           4  stm32f4xx_hal.o(.data)
    SystemCoreClock                          0x200006ec   Data           4  system_stm32f4xx.o(.data)
    __aeabi_stdin                            0x200006f0   Data           4  stdio_streams.o(.data)
    __aeabi_stdout                           0x200006f4   Data           4  stdio_streams.o(.data)
    __aeabi_stderr                           0x200006f8   Data           4  stdio_streams.o(.data)
    htim1                                    0x20000754   Data          72  main.o(.bss)
    huart1                                   0x2000079c   Data          68  main.o(.bss)
    activations                              0x200007e0   Data         128  main.o(.bss)
    __stdin                                  0x20000860   Data          84  stdio_streams.o(.bss)
    __stdout                                 0x200008b4   Data          84  stdio_streams.o(.bss)
    __stderr                                 0x20000908   Data          84  stdio_streams.o(.bss)
    __libspace_start                         0x2000095c   Data          96  libspace.o(.bss)
    __temporary_stack_top$libspace           0x200009bc   Data           0  libspace.o(.bss)



==============================================================================

Memory Map of the image

  Image Entry point : 0x080001ad

  Load Region LR_IROM1 (Base: 0x08000000, Size: 0x00005da4, Max: 0x00080000, ABSOLUTE, COMPRESSED[0x000058c4])

    Execution Region ER_IROM1 (Exec base: 0x08000000, Load base: 0x08000000, Size: 0x000056a8, Max: 0x00080000, ABSOLUTE)

    Exec Addr    Load Addr    Size         Type   Attr      Idx    E Section Name        Object

    0x08000000   0x08000000   0x000001ac   Data   RO            3    RESET               startup_stm32f429xx.o
    0x080001ac   0x080001ac   0x00000008   Code   RO         5059  * !!!main             c_w.l(__main.o)
    0x080001b4   0x080001b4   0x00000034   Code   RO         5664    !!!scatter          c_w.l(__scatter.o)
    0x080001e8   0x080001e8   0x0000005a   Code   RO         5662    !!dczerorl2         c_w.l(__dczerorl2.o)
    0x08000242   0x08000242   0x00000002   PAD
    0x08000244   0x08000244   0x0000001c   Code   RO         5666    !!handler_zi        c_w.l(__scatter_zi.o)
    0x08000260   0x08000260   0x00000000   Code   RO         5050    .ARM.Collect$$_printf_percent$$00000000  c_w.l(_printf_percent.o)
    0x08000260   0x08000260   0x00000006   Code   RO         5049    .ARM.Collect$$_printf_percent$$00000003  c_w.l(_printf_f.o)
    0x08000266   0x08000266   0x00000006   Code   RO         5048    .ARM.Collect$$_printf_percent$$00000009  c_w.l(_printf_d.o)
    0x0800026c   0x0800026c   0x00000006   Code   RO         5046    .ARM.Collect$$_printf_percent$$00000014  c_w.l(_printf_s.o)
    0x08000272   0x08000272   0x00000004   Code   RO         5337    .ARM.Collect$$_printf_percent$$00000017  c_w.l(_printf_percent_end.o)
    0x08000276   0x08000276   0x00000002   Code   RO         5593    .ARM.Collect$$libinit$$00000000  c_w.l(libinit.o)
    0x08000278   0x08000278   0x00000004   Code   RO         5346    .ARM.Collect$$libinit$$00000001  c_w.l(libinit2.o)
    0x0800027c   0x0800027c   0x00000000   Code   RO         5349    .ARM.Collect$$libinit$$00000004  c_w.l(libinit2.o)
    0x0800027c   0x0800027c   0x00000008   Code   RO         5350    .ARM.Collect$$libinit$$00000005  c_w.l(libinit2.o)
    0x08000284   0x08000284   0x00000000   Code   RO         5352    .ARM.Collect$$libinit$$0000000A  c_w.l(libinit2.o)
    0x08000284   0x08000284   0x00000000   Code   RO         5354    .ARM.Collect$$libinit$$0000000C  c_w.l(libinit2.o)
    0x08000284   0x08000284   0x00000000   Code   RO         5356    .ARM.Collect$$libinit$$0000000E  c_w.l(libinit2.o)
    0x08000284   0x08000284   0x00000006   Code   RO         5357    .ARM.Collect$$libinit$$0000000F  c_w.l(libinit2.o)
    0x0800028a   0x0800028a   0x00000000   Code   RO         5359    .ARM.Collect$$libinit$$00000011  c_w.l(libinit2.o)
    0x0800028a   0x0800028a   0x00000000   Code   RO         5361    .ARM.Collect$$libinit$$00000013  c_w.l(libinit2.o)
    0x0800028a   0x0800028a   0x00000000   Code   RO         5363    .ARM.Collect$$libinit$$00000015  c_w.l(libinit2.o)
    0x0800028a   0x0800028a   0x0000000a   Code   RO         5364    .ARM.Collect$$libinit$$00000016  c_w.l(libinit2.o)
    0x08000294   0x08000294   0x00000000   Code   RO         5365    .ARM.Collect$$libinit$$00000017  c_w.l(libinit2.o)
    0x08000294   0x08000294   0x00000000   Code   RO         5367    .ARM.Collect$$libinit$$00000019  c_w.l(libinit2.o)
    0x08000294   0x08000294   0x00000000   Code   RO         5369    .ARM.Collect$$libinit$$0000001B  c_w.l(libinit2.o)
    0x08000294   0x08000294   0x00000000   Code   RO         5371    .ARM.Collect$$libinit$$0000001D  c_w.l(libinit2.o)
    0x08000294   0x08000294   0x00000000   Code   RO         5373    .ARM.Collect$$libinit$$0000001F  c_w.l(libinit2.o)
    0x08000294   0x08000294   0x00000000   Code   RO         5375    .ARM.Collect$$libinit$$00000021  c_w.l(libinit2.o)
    0x08000294   0x08000294   0x00000000   Code   RO         5377    .ARM.Collect$$libinit$$00000023  c_w.l(libinit2.o)
    0x08000294   0x08000294   0x00000004   Code   RO         5378    .ARM.Collect$$libinit$$00000024  c_w.l(libinit2.o)
    0x08000298   0x08000298   0x00000000   Code   RO         5379    .ARM.Collect$$libinit$$00000025  c_w.l(libinit2.o)
    0x08000298   0x08000298   0x00000000   Code   RO         5383    .ARM.Collect$$libinit$$0000002C  c_w.l(libinit2.o)
    0x08000298   0x08000298   0x00000000   Code   RO         5385    .ARM.Collect$$libinit$$0000002E  c_w.l(libinit2.o)
    0x08000298   0x08000298   0x00000000   Code   RO         5387    .ARM.Collect$$libinit$$00000030  c_w.l(libinit2.o)
    0x08000298   0x08000298   0x00000000   Code   RO         5389    .ARM.Collect$$libinit$$00000032  c_w.l(libinit2.o)
    0x08000298   0x08000298   0x00000002   Code   RO         5390    .ARM.Collect$$libinit$$00000033  c_w.l(libinit2.o)
    0x0800029a   0x0800029a   0x00000002   Code   RO         5659    .ARM.Collect$$libshutdown$$00000000  c_w.l(libshutdown.o)
    0x0800029c   0x0800029c   0x00000000   Code   RO         5595    .ARM.Collect$$libshutdown$$00000002  c_w.l(libshutdown2.o)
    0x0800029c   0x0800029c   0x00000004   Code   RO         5596    .ARM.Collect$$libshutdown$$00000003  c_w.l(libshutdown2.o)
    0x080002a0   0x080002a0   0x00000000   Code   RO         5597    .ARM.Collect$$libshutdown$$00000004  c_w.l(libshutdown2.o)
    0x080002a0   0x080002a0   0x00000000   Code   RO         5600    .ARM.Collect$$libshutdown$$00000007  c_w.l(libshutdown2.o)
    0x080002a0   0x080002a0   0x00000000   Code   RO         5603    .ARM.Collect$$libshutdown$$0000000A  c_w.l(libshutdown2.o)
    0x080002a0   0x080002a0   0x00000000   Code   RO         5605    .ARM.Collect$$libshutdown$$0000000C  c_w.l(libshutdown2.o)
    0x080002a0   0x080002a0   0x00000000   Code   RO         5608    .ARM.Collect$$libshutdown$$0000000F  c_w.l(libshutdown2.o)
    0x080002a0   0x080002a0   0x00000002   Code   RO         5609    .ARM.Collect$$libshutdown$$00000010  c_w.l(libshutdown2.o)
    0x080002a2   0x080002a2   0x00000000   Code   RO         5297    .ARM.Collect$$rtentry$$00000000  c_w.l(__rtentry.o)
    0x080002a2   0x080002a2   0x00000000   Code   RO         5452    .ARM.Collect$$rtentry$$00000002  c_w.l(__rtentry2.o)
    0x080002a2   0x080002a2   0x00000006   Code   RO         5464    .ARM.Collect$$rtentry$$00000004  c_w.l(__rtentry4.o)
    0x080002a8   0x080002a8   0x00000000   Code   RO         5454    .ARM.Collect$$rtentry$$00000009  c_w.l(__rtentry2.o)
    0x080002a8   0x080002a8   0x00000004   Code   RO         5455    .ARM.Collect$$rtentry$$0000000A  c_w.l(__rtentry2.o)
    0x080002ac   0x080002ac   0x00000000   Code   RO         5457    .ARM.Collect$$rtentry$$0000000C  c_w.l(__rtentry2.o)
    0x080002ac   0x080002ac   0x00000008   Code   RO         5458    .ARM.Collect$$rtentry$$0000000D  c_w.l(__rtentry2.o)
    0x080002b4   0x080002b4   0x00000002   Code   RO         5612    .ARM.Collect$$rtexit$$00000000  c_w.l(rtexit.o)
    0x080002b6   0x080002b6   0x00000000   Code   RO         5635    .ARM.Collect$$rtexit$$00000002  c_w.l(rtexit2.o)
    0x080002b6   0x080002b6   0x00000004   Code   RO         5636    .ARM.Collect$$rtexit$$00000003  c_w.l(rtexit2.o)
    0x080002ba   0x080002ba   0x00000006   Code   RO         5637    .ARM.Collect$$rtexit$$00000004  c_w.l(rtexit2.o)
    0x080002c0   0x080002c0   0x00000000   Code   RO         5480    .emb_text           c_w.l(maybetermalloc1.o)
    0x080002c0   0x080002c0   0x00000040   Code   RO            4    .text               startup_stm32f429xx.o
    0x08000300   0x08000300   0x0000005e   Code   RO         4929    .text               c_w.l(h1_alloc.o)
    0x0800035e   0x0800035e   0x0000004e   Code   RO         4931    .text               c_w.l(h1_free.o)
    0x080003ac   0x080003ac   0x000000ee   Code   RO         4991    .text               c_w.l(lludivv7m.o)
    0x0800049a   0x0800049a   0x00000002   PAD
    0x0800049c   0x0800049c   0x00000018   Code   RO         4995    .text               c_w.l(noretval__2printf.o)
    0x080004b4   0x080004b4   0x00000052   Code   RO         5001    .text               c_w.l(_printf_str.o)
    0x08000506   0x08000506   0x00000002   PAD
    0x08000508   0x08000508   0x00000078   Code   RO         5003    .text               c_w.l(_printf_dec.o)
    0x08000580   0x08000580   0x00000138   Code   RO         5038    .text               c_w.l(__printf_flags_wp.o)
    0x080006b8   0x080006b8   0x00000058   Code   RO         5051    .text               c_w.l(memcmp.o)
    0x08000710   0x08000710   0x00000064   Code   RO         5053    .text               c_w.l(rt_memcpy_w.o)
    0x08000774   0x08000774   0x0000004e   Code   RO         5055    .text               c_w.l(rt_memclr_w.o)
    0x080007c2   0x080007c2   0x00000006   Code   RO         5057    .text               c_w.l(heapauxi.o)
    0x080007c8   0x080007c8   0x00000008   Code   RO         5305    .text               c_w.l(rt_heap_descriptor_intlibspace.o)
    0x080007d0   0x080007d0   0x00000004   Code   RO         5307    .text               c_w.l(hguard.o)
    0x080007d4   0x080007d4   0x0000008a   Code   RO         5309    .text               c_w.l(init_alloc.o)
    0x0800085e   0x0800085e   0x0000000e   Code   RO         5313    .text               c_w.l(h1_init.o)
    0x0800086c   0x0800086c   0x000000b2   Code   RO         5329    .text               c_w.l(_printf_intcommon.o)
    0x0800091e   0x0800091e   0x0000041e   Code   RO         5331    .text               c_w.l(_printf_fp_dec.o)
    0x08000d3c   0x08000d3c   0x0000002c   Code   RO         5333    .text               c_w.l(_printf_char.o)
    0x08000d68   0x08000d68   0x00000024   Code   RO         5335    .text               c_w.l(_printf_char_file.o)
    0x08000d8c   0x08000d8c   0x00000008   Code   RO         5448    .text               c_w.l(libspace.o)
    0x08000d94   0x08000d94   0x00000008   Code   RO         5471    .text               c_w.l(rt_locale_intlibspace.o)
    0x08000d9c   0x08000d9c   0x00000008   Code   RO         5476    .text               c_w.l(rt_errno_addr_intlibspace.o)
    0x08000da4   0x08000da4   0x00000034   Code   RO         5482    .text               c_w.l(h1_extend.o)
    0x08000dd8   0x08000dd8   0x0000008a   Code   RO         5486    .text               c_w.l(lludiv10.o)
    0x08000e62   0x08000e62   0x00000002   PAD
    0x08000e64   0x08000e64   0x00000030   Code   RO         5488    .text               c_w.l(_printf_char_common.o)
    0x08000e94   0x08000e94   0x00000080   Code   RO         5490    .text               c_w.l(_printf_fp_infnan.o)
    0x08000f14   0x08000f14   0x000000e4   Code   RO         5492    .text               c_w.l(bigflt0.o)
    0x08000ff8   0x08000ff8   0x00000008   Code   RO         5517    .text               c_w.l(ferror.o)
    0x08001000   0x08001000   0x00000138   Code   RO         5519    .text               c_w.l(initio.o)
    0x08001138   0x08001138   0x0000000e   Code   RO         5528    .text               c_w.l(defsig_rtmem_outer.o)
    0x08001146   0x08001146   0x00000066   Code   RO         5541    .text               c_w.l(sys_io.o)
    0x080011ac   0x080011ac   0x00000002   Code   RO         5546    .text               c_w.l(use_no_semi.o)
    0x080011ae   0x080011ae   0x00000000   Code   RO         5548    .text               c_w.l(indicate_semi.o)
    0x080011ae   0x080011ae   0x0000004a   Code   RO         5549    .text               c_w.l(sys_stackheap_outer.o)
    0x080011f8   0x080011f8   0x00000046   Code   RO         5557    .text               c_w.l(setvbuf.o)
    0x0800123e   0x0800123e   0x00000002   PAD
    0x08001240   0x08001240   0x000000ec   Code   RO         5560    .text               c_w.l(fopen.o)
    0x0800132c   0x0800132c   0x0000004c   Code   RO         5562    .text               c_w.l(fclose.o)
    0x08001378   0x08001378   0x00000012   Code   RO         5568    .text               c_w.l(exit.o)
    0x0800138a   0x0800138a   0x0000000a   Code   RO         5570    .text               c_w.l(defsig_exit.o)
    0x08001394   0x08001394   0x0000000e   Code   RO         5576    .text               c_w.l(defsig_rtred_outer.o)
    0x080013a2   0x080013a2   0x00000002   PAD
    0x080013a4   0x080013a4   0x00000050   Code   RO         5580    .text               c_w.l(defsig_rtmem_inner.o)
    0x080013f4   0x080013f4   0x00000080   Code   RO         5582    .text               c_w.l(strcmpv7m.o)
    0x08001474   0x08001474   0x0000000c   Code   RO         5610    .text               c_w.l(sys_exit.o)
    0x08001480   0x08001480   0x000000f8   Code   RO         5618    .text               c_w.l(fseek.o)
    0x08001578   0x08001578   0x000000f0   Code   RO         5620    .text               c_w.l(stdio.o)
    0x08001668   0x08001668   0x00000032   Code   RO         5624    .text               c_w.l(defsig_general.o)
    0x0800169a   0x0800169a   0x00000002   PAD
    0x0800169c   0x0800169c   0x00000034   Code   RO         5628    .text               c_w.l(defsig_rtred_inner.o)
    0x080016d0   0x080016d0   0x0000003e   Code   RO         5630    .text               c_w.l(strlen.o)
    0x0800170e   0x0800170e   0x0000000e   Code   RO         5632    .text               c_w.l(sys_wrch.o)
    0x0800171c   0x0800171c   0x00000042   Code   RO         5641    .text               c_w.l(ftell.o)
    0x0800175e   0x0800175e   0x0000003e   Code   RO         5495    CL$$btod_d2e        c_w.l(btod.o)
    0x0800179c   0x0800179c   0x00000046   Code   RO         5497    CL$$btod_d2e_denorm_low  c_w.l(btod.o)
    0x080017e2   0x080017e2   0x00000060   Code   RO         5496    CL$$btod_d2e_norm_op1  c_w.l(btod.o)
    0x08001842   0x08001842   0x00000338   Code   RO         5505    CL$$btod_div_common  c_w.l(btod.o)
    0x08001b7a   0x08001b7a   0x000000dc   Code   RO         5502    CL$$btod_e2e        c_w.l(btod.o)
    0x08001c56   0x08001c56   0x0000002a   Code   RO         5499    CL$$btod_ediv       c_w.l(btod.o)
    0x08001c80   0x08001c80   0x0000002a   Code   RO         5498    CL$$btod_emul       c_w.l(btod.o)
    0x08001caa   0x08001caa   0x00000244   Code   RO         5504    CL$$btod_mult_common  c_w.l(btod.o)
    0x08001eee   0x08001eee   0x00000002   Code   RO          666    i.BusFault_Handler  stm32f4xx_it.o
    0x08001ef0   0x08001ef0   0x00000060   Code   RO         3457    i.CRC_Lock          NetworkRuntime810_CM4_Keil.lib(ai_platform_interface.o)
    0x08001f50   0x08001f50   0x00000002   Code   RO          667    i.DebugMon_Handler  stm32f4xx_it.o
    0x08001f52   0x08001f52   0x00000022   Code   RO          805    i.HAL_CRC_Init      stm32f4xx_hal_crc.o
    0x08001f74   0x08001f74   0x00000028   Code   RO          742    i.HAL_CRC_MspInit   stm32f4xx_hal_msp.o
    0x08001f9c   0x08001f9c   0x00000024   Code   RO         1812    i.HAL_Delay         stm32f4xx_hal.o
    0x08001fc0   0x08001fc0   0x00000234   Code   RO         1268    i.HAL_GPIO_Init     stm32f4xx_hal_gpio.o
    0x080021f4   0x080021f4   0x00000010   Code   RO         1271    i.HAL_GPIO_TogglePin  stm32f4xx_hal_gpio.o
    0x08002204   0x08002204   0x0000000a   Code   RO         1272    i.HAL_GPIO_WritePin  stm32f4xx_hal_gpio.o
    0x0800220e   0x0800220e   0x00000002   PAD
    0x08002210   0x08002210   0x0000000c   Code   RO         1820    i.HAL_GetTick       stm32f4xx_hal.o
    0x0800221c   0x0800221c   0x00000010   Code   RO         1826    i.HAL_IncTick       stm32f4xx_hal.o
    0x0800222c   0x0800222c   0x00000034   Code   RO         1827    i.HAL_Init          stm32f4xx_hal.o
    0x08002260   0x08002260   0x00000040   Code   RO         1828    i.HAL_InitTick      stm32f4xx_hal.o
    0x080022a0   0x080022a0   0x00000030   Code   RO          743    i.HAL_MspInit       stm32f4xx_hal_msp.o
    0x080022d0   0x080022d0   0x00000040   Code   RO         1681    i.HAL_NVIC_SetPriority  stm32f4xx_hal_cortex.o
    0x08002310   0x08002310   0x00000024   Code   RO         1682    i.HAL_NVIC_SetPriorityGrouping  stm32f4xx_hal_cortex.o
    0x08002334   0x08002334   0x00000070   Code   RO         1604    i.HAL_PWREx_EnableOverDrive  stm32f4xx_hal_pwr_ex.o
    0x080023a4   0x080023a4   0x00000134   Code   RO          862    i.HAL_RCC_ClockConfig  stm32f4xx_hal_rcc.o
    0x080024d8   0x080024d8   0x00000020   Code   RO          869    i.HAL_RCC_GetPCLK1Freq  stm32f4xx_hal_rcc.o
    0x080024f8   0x080024f8   0x00000020   Code   RO          870    i.HAL_RCC_GetPCLK2Freq  stm32f4xx_hal_rcc.o
    0x08002518   0x08002518   0x00000064   Code   RO          871    i.HAL_RCC_GetSysClockFreq  stm32f4xx_hal_rcc.o
    0x0800257c   0x0800257c   0x0000036c   Code   RO          874    i.HAL_RCC_OscConfig  stm32f4xx_hal_rcc.o
    0x080028e8   0x080028e8   0x00000028   Code   RO         1686    i.HAL_SYSTICK_Config  stm32f4xx_hal_cortex.o
    0x08002910   0x08002910   0x00000090   Code   RO         2800    i.HAL_TIMEx_MasterConfigSynchronization  stm32f4xx_hal_tim_ex.o
    0x080029a0   0x080029a0   0x0000005a   Code   RO         2077    i.HAL_TIM_Base_Init  stm32f4xx_hal_tim.o
    0x080029fa   0x080029fa   0x00000002   PAD
    0x080029fc   0x080029fc   0x00000028   Code   RO          745    i.HAL_TIM_Base_MspInit  stm32f4xx_hal_msp.o
    0x08002a24   0x08002a24   0x00000078   Code   RO         2080    i.HAL_TIM_Base_Start  stm32f4xx_hal_tim.o
    0x08002a9c   0x08002a9c   0x000000dc   Code   RO         2086    i.HAL_TIM_ConfigClockSource  stm32f4xx_hal_tim.o
    0x08002b78   0x08002b78   0x00000062   Code   RO         3077    i.HAL_UART_Init     stm32f4xx_hal_uart.o
    0x08002bda   0x08002bda   0x00000002   PAD
    0x08002bdc   0x08002bdc   0x0000006c   Code   RO          747    i.HAL_UART_MspInit  stm32f4xx_hal_msp.o
    0x08002c48   0x08002c48   0x000000b2   Code   RO         3085    i.HAL_UART_Transmit  stm32f4xx_hal_uart.o
    0x08002cfa   0x08002cfa   0x00000002   Code   RO          668    i.HardFault_Handler  stm32f4xx_it.o
    0x08002cfc   0x08002cfc   0x00000060   Code   RO          602    i.MX_GPIO_Init      main.o
    0x08002d5c   0x08002d5c   0x00000068   Code   RO          603    i.MX_TIM1_Init      main.o
    0x08002dc4   0x08002dc4   0x00000002   Code   RO          669    i.MemManage_Handler  stm32f4xx_it.o
    0x08002dc6   0x08002dc6   0x00000002   Code   RO          670    i.NMI_Handler       stm32f4xx_it.o
    0x08002dc8   0x08002dc8   0x00000002   Code   RO          671    i.PendSV_Handler    stm32f4xx_it.o
    0x08002dca   0x08002dca   0x00000002   Code   RO          672    i.SVC_Handler       stm32f4xx_it.o
    0x08002dcc   0x08002dcc   0x00000004   Code   RO          673    i.SysTick_Handler   stm32f4xx_it.o
    0x08002dd0   0x08002dd0   0x000000a0   Code   RO          604    i.SystemClock_Config  main.o
    0x08002e70   0x08002e70   0x00000010   Code   RO         3406    i.SystemInit        system_stm32f4xx.o
    0x08002e80   0x08002e80   0x000000c8   Code   RO         2170    i.TIM_Base_SetConfig  stm32f4xx_hal_tim.o
    0x08002f48   0x08002f48   0x00000014   Code   RO         2181    i.TIM_ETR_SetConfig  stm32f4xx_hal_tim.o
    0x08002f5c   0x08002f5c   0x00000010   Code   RO         2182    i.TIM_ITRx_SetConfig  stm32f4xx_hal_tim.o
    0x08002f6c   0x08002f6c   0x00000022   Code   RO         2188    i.TIM_TI1_ConfigInputStage  stm32f4xx_hal_tim.o
    0x08002f8e   0x08002f8e   0x00000024   Code   RO         2190    i.TIM_TI2_ConfigInputStage  stm32f4xx_hal_tim.o
    0x08002fb2   0x08002fb2   0x00000002   PAD
    0x08002fb4   0x08002fb4   0x0000010c   Code   RO         3103    i.UART_SetConfig    stm32f4xx_hal_uart.o
    0x080030c0   0x080030c0   0x00000078   Code   RO         3106    i.UART_WaitOnFlagUntilTimeout  stm32f4xx_hal_uart.o
    0x08003138   0x08003138   0x00000002   Code   RO          674    i.UsageFault_Handler  stm32f4xx_it.o
    0x0800313a   0x0800313a   0x00000030   Code   RO         5539    i.__ARM_fpclassify  m_wm.l(fpclassify.o)
    0x0800316a   0x0800316a   0x00000020   Code   RO         1688    i.__NVIC_SetPriority  stm32f4xx_hal_cortex.o
    0x0800318a   0x0800318a   0x00000002   PAD
    0x0800318c   0x0800318c   0x000000f8   Code   RO         4325    i.__ai_math_dot_array  NetworkRuntime810_CM4_Keil.lib(lite_dense_if32.o)
    0x08003284   0x08003284   0x0000012c   Code   RO         3538    i._ai_dict4_dot_array_f32  NetworkRuntime810_CM4_Keil.lib(layers_conv2d_generic_float.o)
    0x080033b0   0x080033b0   0x000000e8   Code   RO         3539    i._ai_dict8_dot_array_f32  NetworkRuntime810_CM4_Keil.lib(layers_conv2d_generic_float.o)
    0x08003498   0x08003498   0x00000012   Code   RO         4268    i._ai_forward_layer  NetworkRuntime810_CM4_Keil.lib(layers.o)
    0x080034aa   0x080034aa   0x00000004   Code   RO         3458    i._ai_platform_acquire_crc  NetworkRuntime810_CM4_Keil.lib(ai_platform_interface.o)
    0x080034ae   0x080034ae   0x00000002   PAD
    0x080034b0   0x080034b0   0x000000e0   Code   RO         3459    i._ai_platform_get_io_buffers_info  NetworkRuntime810_CM4_Keil.lib(ai_platform_interface.o)
    0x08003590   0x08003590   0x00000002   Code   RO         3460    i._ai_platform_release_crc  NetworkRuntime810_CM4_Keil.lib(ai_platform_interface.o)
    0x08003592   0x08003592   0x00000002   PAD
    0x08003594   0x08003594   0x000000ac   Code   RO         3574    i._forward_lite_nl_relu_generic_if32of32  NetworkRuntime810_CM4_Keil.lib(layers_nl_generic_float.o)
    0x08003640   0x08003640   0x00000038   Code   RO         3575    i._forward_lite_nl_relu_thresholded_if32of32  NetworkRuntime810_CM4_Keil.lib(layers_nl_generic_float.o)
    0x08003678   0x08003678   0x0000000e   Code   RO         5036    i._is_digit         c_w.l(__printf_wp.o)
    0x08003686   0x08003686   0x00000002   PAD
    0x08003688   0x08003688   0x0000004c   Code   RO         3461    i._platform_ai_buffer_array_copy  NetworkRuntime810_CM4_Keil.lib(ai_platform_interface.o)
    0x080036d4   0x080036d4   0x00000050   Code   RO         3462    i._platform_get_table_map_from_buffer  NetworkRuntime810_CM4_Keil.lib(ai_platform_interface.o)
    0x08003724   0x08003724   0x00000044   Code   RO         3463    i._platform_get_table_map_from_buffer_array  NetworkRuntime810_CM4_Keil.lib(ai_platform_interface.o)
    0x08003768   0x08003768   0x00000014   Code   RO         3464    i._platform_network_buffers_signature_valid  NetworkRuntime810_CM4_Keil.lib(ai_platform_interface.o)
    0x0800377c   0x0800377c   0x00000210   Code   RO         3465    i._platform_network_io_bind  NetworkRuntime810_CM4_Keil.lib(ai_platform_interface.o)
    0x0800398c   0x0800398c   0x0000003e   Code   RO         3466    i._platform_network_state_setup  NetworkRuntime810_CM4_Keil.lib(ai_platform_interface.o)
    0x080039ca   0x080039ca   0x00000068   Code   RO         3467    i._platform_network_state_update_input  NetworkRuntime810_CM4_Keil.lib(ai_platform_interface.o)
    0x08003a32   0x08003a32   0x0000007c   Code   RO         3468    i._platform_network_state_update_output  NetworkRuntime810_CM4_Keil.lib(ai_platform_interface.o)
    0x08003aae   0x08003aae   0x00000036   Code   RO         3763    i.ai_array_get_byte_size  NetworkRuntime810_CM4_Keil.lib(ai_datatypes_format.o)
    0x08003ae4   0x08003ae4   0x0000001e   Code   RO         3764    i.ai_array_get_data_byte_size  NetworkRuntime810_CM4_Keil.lib(ai_datatypes_format.o)
    0x08003b02   0x08003b02   0x00000002   PAD
    0x08003b04   0x08003b04   0x00000128   Code   RO         3766    i.ai_array_to_buffer_fmt  NetworkRuntime810_CM4_Keil.lib(ai_datatypes_format.o)
    0x08003c2c   0x08003c2c   0x00000024   Code   RO         3443    i.ai_buffer_array_item_set_address  NetworkRuntime810_CM4_Keil.lib(ai_platform.o)
    0x08003c50   0x08003c50   0x00000012   Code   RO         3444    i.ai_buffer_array_sane  NetworkRuntime810_CM4_Keil.lib(ai_platform.o)
    0x08003c62   0x08003c62   0x00000002   PAD
    0x08003c64   0x08003c64   0x00000068   Code   RO         3446    i.ai_buffer_get_size  NetworkRuntime810_CM4_Keil.lib(ai_platform.o)
    0x08003ccc   0x08003ccc   0x0000002c   Code   RO         4269    i.ai_check_custom_types  NetworkRuntime810_CM4_Keil.lib(layers.o)
    0x08003cf8   0x08003cf8   0x00000050   Code   RO         4274    i.ai_layers_forward_all  NetworkRuntime810_CM4_Keil.lib(layers.o)
    0x08003d48   0x08003d48   0x0000001e   Code   RO         4275    i.ai_layers_init_all  NetworkRuntime810_CM4_Keil.lib(layers.o)
    0x08003d66   0x08003d66   0x00000036   Code   RO         4276    i.ai_layers_post_init_all  NetworkRuntime810_CM4_Keil.lib(layers.o)
    0x08003d9c   0x08003d9c   0x0000018c   Code   RO         3470    i.ai_platform_api_get_network_report  NetworkRuntime810_CM4_Keil.lib(ai_platform_interface.o)
    0x08003f28   0x08003f28   0x00000014   Code   RO         3471    i.ai_platform_api_get_version  NetworkRuntime810_CM4_Keil.lib(ai_platform_interface.o)
    0x08003f3c   0x08003f3c   0x0000002c   Code   RO         3472    i.ai_platform_bind_network_params  NetworkRuntime810_CM4_Keil.lib(ai_platform_interface.o)
    0x08003f68   0x08003f68   0x0000001c   Code   RO         3473    i.ai_platform_context_acquire  NetworkRuntime810_CM4_Keil.lib(ai_platform_interface.o)
    0x08003f84   0x08003f84   0x0000002c   Code   RO         3475    i.ai_platform_get_activations_map  NetworkRuntime810_CM4_Keil.lib(ai_platform_interface.o)
    0x08003fb0   0x08003fb0   0x00000028   Code   RO         3476    i.ai_platform_get_weights_map  NetworkRuntime810_CM4_Keil.lib(ai_platform_interface.o)
    0x08003fd8   0x08003fd8   0x00000042   Code   RO         3477    i.ai_platform_inputs_get  NetworkRuntime810_CM4_Keil.lib(ai_platform_interface.o)
    0x0800401a   0x0800401a   0x00000002   PAD
    0x0800401c   0x0800401c   0x00000014   Code   RO         3478    i.ai_platform_interface_api_get_version  NetworkRuntime810_CM4_Keil.lib(ai_platform_interface.o)
    0x08004030   0x08004030   0x00000108   Code   RO         3479    i.ai_platform_network_create  NetworkRuntime810_CM4_Keil.lib(ai_platform_interface.o)
    0x08004138   0x08004138   0x0000001c   Code   RO         3481    i.ai_platform_network_get_error  NetworkRuntime810_CM4_Keil.lib(ai_platform_interface.o)
    0x08004154   0x08004154   0x0000010c   Code   RO         3482    i.ai_platform_network_init  NetworkRuntime810_CM4_Keil.lib(ai_platform_interface.o)
    0x08004260   0x08004260   0x00000046   Code   RO         3483    i.ai_platform_network_post_init  NetworkRuntime810_CM4_Keil.lib(ai_platform_interface.o)
    0x080042a6   0x080042a6   0x00000054   Code   RO         3484    i.ai_platform_network_process  NetworkRuntime810_CM4_Keil.lib(ai_platform_interface.o)
    0x080042fa   0x080042fa   0x0000000c   Code   RO         3485    i.ai_platform_network_set_error  NetworkRuntime810_CM4_Keil.lib(ai_platform_interface.o)
    0x08004306   0x08004306   0x00000048   Code   RO         3491    i.ai_platform_outputs_get  NetworkRuntime810_CM4_Keil.lib(ai_platform_interface.o)
    0x0800434e   0x0800434e   0x00000002   PAD
    0x08004350   0x08004350   0x00000010   Code   RO         3492    i.ai_platform_runtime_get_revision  NetworkRuntime810_CM4_Keil.lib(ai_platform_interface.o)
    0x08004360   0x08004360   0x00000014   Code   RO         3493    i.ai_platform_runtime_get_version  NetworkRuntime810_CM4_Keil.lib(ai_platform_interface.o)
    0x08004374   0x08004374   0x00000018   Code   RO         3786    i.ai_platform_version_get  NetworkRuntime810_CM4_Keil.lib(ai_datatypes_internal.o)
    0x0800438c   0x0800438c   0x0000001a   Code   RO         3578    i.ai_shape_get_size  NetworkRuntime810_CM4_Keil.lib(layers_nl_generic_float.o)
    0x080043a6   0x080043a6   0x00000002   PAD
    0x080043a8   0x080043a8   0x00000018   Code   RO           10    i.ai_sin_model_create  sin_model.o
    0x080043c0   0x080043c0   0x00000084   Code   RO           11    i.ai_sin_model_create_and_init  sin_model.o
    0x08004444   0x08004444   0x00000028   Code   RO          351    i.ai_sin_model_data_params_get  sin_model_data.o
    0x0800446c   0x0800446c   0x00000004   Code   RO           14    i.ai_sin_model_get_error  sin_model.o
    0x08004470   0x08004470   0x00000058   Code   RO           16    i.ai_sin_model_get_report  sin_model.o
    0x080044c8   0x080044c8   0x00000030   Code   RO           17    i.ai_sin_model_init  sin_model.o
    0x080044f8   0x080044f8   0x00000014   Code   RO           18    i.ai_sin_model_inputs_get  sin_model.o
    0x0800450c   0x0800450c   0x00000014   Code   RO           19    i.ai_sin_model_outputs_get  sin_model.o
    0x08004520   0x08004520   0x00000004   Code   RO           20    i.ai_sin_model_run  sin_model.o
    0x08004524   0x08004524   0x0000000c   Code   RO         3787    i.ai_version_get    NetworkRuntime810_CM4_Keil.lib(ai_datatypes_internal.o)
    0x08004530   0x08004530   0x0000000c   Code   RO         4289    i.core_get_error    NetworkRuntime810_CM4_Keil.lib(core_common.o)
    0x0800453c   0x0800453c   0x00000004   Code   RO         4290    i.core_init         NetworkRuntime810_CM4_Keil.lib(core_common.o)
    0x08004540   0x08004540   0x0000001a   Code   RO         4291    i.core_set_error    NetworkRuntime810_CM4_Keil.lib(core_common.o)
    0x0800455a   0x0800455a   0x00000002   PAD
    0x0800455c   0x0800455c   0x000001ec   Code   RO         3548    i.forward_dense     NetworkRuntime810_CM4_Keil.lib(layers_conv2d_generic_float.o)
    0x08004748   0x08004748   0x0000007c   Code   RO         4326    i.forward_lite_dense_if32of32wf32  NetworkRuntime810_CM4_Keil.lib(lite_dense_if32.o)
    0x080047c4   0x080047c4   0x000000d0   Code   RO         3603    i.forward_relu      NetworkRuntime810_CM4_Keil.lib(layers_nl_generic_float.o)
    0x08004894   0x08004894   0x00000018   Code   RO          605    i.fputc             main.o
    0x080048ac   0x080048ac   0x00000028   Code   RO         3788    i.get_tensor_byte_size  NetworkRuntime810_CM4_Keil.lib(ai_datatypes_internal.o)
    0x080048d4   0x080048d4   0x00000290   Code   RO          606    i.main              main.o
    0x08004b64   0x08004b64   0x00000058   Code   RO           21    i.sin_model_configure_activations  sin_model.o
    0x08004bbc   0x08004bbc   0x0000009c   Code   RO           22    i.sin_model_configure_weights  sin_model.o
    0x08004c58   0x08004c58   0x00000090   Code   RO         4332    i.st_int8_copy      NetworkRuntime810_CM4_Keil.lib(st_int8_fill.o)
    0x08004ce8   0x08004ce8   0x0000002c   Code   RO         5526    locale$$code        c_w.l(lc_numeric_c.o)
    0x08004d14   0x08004d14   0x0000000c   Code   RO         5391    x$fpl$dretinf       fz_wm.l(dretinf.o)
    0x08004d20   0x08004d20   0x00000056   Code   RO         5061    x$fpl$f2d           fz_wm.l(f2d.o)
    0x08004d76   0x08004d76   0x0000008c   Code   RO         5393    x$fpl$fnaninf       fz_wm.l(fnaninf.o)
    0x08004e02   0x08004e02   0x0000000a   Code   RO         5537    x$fpl$fpinit        fz_wm.l(fpinit.o)
    0x08004e0c   0x08004e0c   0x00000004   Code   RO         5067    x$fpl$printf1       fz_wm.l(printf1.o)
    0x08004e10   0x08004e10   0x00000000   Code   RO         5401    x$fpl$usenofp       fz_wm.l(usenofp.o)
    0x08004e10   0x08004e10   0x00000008   Data   RO           27    .constdata          sin_model.o
    0x08004e18   0x08004e18   0x00000008   Data   RO           28    .constdata          sin_model.o
    0x08004e20   0x08004e20   0x00000008   Data   RO           29    .constdata          sin_model.o
    0x08004e28   0x08004e28   0x00000008   Data   RO           30    .constdata          sin_model.o
    0x08004e30   0x08004e30   0x00000008   Data   RO           31    .constdata          sin_model.o
    0x08004e38   0x08004e38   0x00000110   Data   RO           32    .constdata          sin_model.o
    0x08004f48   0x08004f48   0x00000068   Data   RO          354    .constdata          sin_model_data.o
    0x08004fb0   0x08004fb0   0x00000010   PAD
    0x08004fc0   0x08004fc0   0x00000508   Data   RO          404    .constdata          sin_model_data_params.o
    0x080054c8   0x080054c8   0x00000004   Data   RO          609    .constdata          main.o
    0x080054cc   0x080054cc   0x00000010   Data   RO         3407    .constdata          system_stm32f4xx.o
    0x080054dc   0x080054dc   0x00000008   Data   RO         3408    .constdata          system_stm32f4xx.o
    0x080054e4   0x080054e4   0x0000006c   Data   RO         3494    .constdata          NetworkRuntime810_CM4_Keil.lib(ai_platform_interface.o)
    0x08005550   0x08005550   0x00000011   Data   RO         5039    .constdata          c_w.l(__printf_flags_wp.o)
    0x08005561   0x08005561   0x00000003   PAD
    0x08005564   0x08005564   0x00000094   Data   RO         5493    .constdata          c_w.l(bigflt0.o)
    0x080055f8   0x080055f8   0x00000004   Data   RO         5542    .constdata          c_w.l(sys_io.o)
    0x080055fc   0x080055fc   0x00000004   Data   RO         5543    .constdata          c_w.l(sys_io.o)
    0x08005600   0x08005600   0x00000004   Data   RO         5544    .constdata          c_w.l(sys_io.o)
    0x08005604   0x08005604   0x00000065   Data   RO           33    .conststring        sin_model.o
    0x08005669   0x08005669   0x00000003   PAD
    0x0800566c   0x0800566c   0x00000020   Data   RO         5660    Region$$Table       anon$$obj.o
    0x0800568c   0x0800568c   0x0000001c   Data   RO         5525    locale$$data        c_w.l(lc_numeric_c.o)


    Execution Region RW_IRAM2 (Exec base: 0x10000000, Load base: 0x080058c4, Size: 0x00000000, Max: 0x00010000, ABSOLUTE)

    **** No section assigned to this execution region ****


    Execution Region RW_IRAM1 (Exec base: 0x20000000, Load base: 0x080056a8, Size: 0x000019c0, Max: 0x00030000, ABSOLUTE, COMPRESSED[0x0000021c])

    Exec Addr    Load Addr    Size         Type   Attr      Idx    E Section Name        Object

    0x20000000   COMPRESSED   0x00000010   Data   RW           34    .data               sin_model.o
    0x20000010   COMPRESSED   0x00000010   Data   RW           35    .data               sin_model.o
    0x20000020   COMPRESSED   0x00000010   Data   RW           36    .data               sin_model.o
    0x20000030   COMPRESSED   0x00000010   Data   RW           37    .data               sin_model.o
    0x20000040   COMPRESSED   0x00000010   Data   RW           38    .data               sin_model.o
    0x20000050   COMPRESSED   0x00000010   Data   RW           39    .data               sin_model.o
    0x20000060   COMPRESSED   0x00000010   Data   RW           40    .data               sin_model.o
    0x20000070   COMPRESSED   0x00000010   Data   RW           41    .data               sin_model.o
    0x20000080   COMPRESSED   0x00000010   Data   RW           42    .data               sin_model.o
    0x20000090   COMPRESSED   0x00000010   Data   RW           43    .data               sin_model.o
    0x200000a0   COMPRESSED   0x00000010   Data   RW           44    .data               sin_model.o
    0x200000b0   COMPRESSED   0x00000010   Data   RW           45    .data               sin_model.o
    0x200000c0   COMPRESSED   0x00000010   Data   RW           46    .data               sin_model.o
    0x200000d0   COMPRESSED   0x00000010   Data   RW           47    .data               sin_model.o
    0x200000e0   COMPRESSED   0x00000010   Data   RW           48    .data               sin_model.o
    0x200000f0   COMPRESSED   0x00000010   Data   RW           49    .data               sin_model.o
    0x20000100   COMPRESSED   0x00000010   Data   RW           50    .data               sin_model.o
    0x20000110   COMPRESSED   0x00000010   Data   RW           51    .data               sin_model.o
    0x20000120   COMPRESSED   0x00000010   Data   RW           52    .data               sin_model.o
    0x20000130   COMPRESSED   0x00000010   Data   RW           53    .data               sin_model.o
    0x20000140   COMPRESSED   0x00000010   Data   RW           54    .data               sin_model.o
    0x20000150   COMPRESSED   0x00000010   Data   RW           55    .data               sin_model.o
    0x20000160   COMPRESSED   0x00000010   Data   RW           56    .data               sin_model.o
    0x20000170   COMPRESSED   0x00000010   Data   RW           57    .data               sin_model.o
    0x20000180   COMPRESSED   0x00000004   Data   RW           58    .data               sin_model.o
    0x20000184   COMPRESSED   0x00000004   Data   RW           59    .data               sin_model.o
    0x20000188   COMPRESSED   0x00000008   Data   RW           60    .data               sin_model.o
    0x20000190   COMPRESSED   0x00000004   Data   RW           61    .data               sin_model.o
    0x20000194   COMPRESSED   0x00000030   Data   RW           62    .data               sin_model.o
    0x200001c4   COMPRESSED   0x00000004   Data   RW           63    .data               sin_model.o
    0x200001c8   COMPRESSED   0x00000004   Data   RW           64    .data               sin_model.o
    0x200001cc   COMPRESSED   0x00000004   Data   RW           65    .data               sin_model.o
    0x200001d0   COMPRESSED   0x00000004   Data   RW           66    .data               sin_model.o
    0x200001d4   COMPRESSED   0x00000030   Data   RW           67    .data               sin_model.o
    0x20000204   COMPRESSED   0x00000004   Data   RW           68    .data               sin_model.o
    0x20000208   COMPRESSED   0x00000004   Data   RW           69    .data               sin_model.o
    0x2000020c   COMPRESSED   0x00000008   Data   RW           70    .data               sin_model.o
    0x20000214   COMPRESSED   0x00000004   Data   RW           71    .data               sin_model.o
    0x20000218   COMPRESSED   0x00000030   Data   RW           72    .data               sin_model.o
    0x20000248   COMPRESSED   0x00000004   Data   RW           73    .data               sin_model.o
    0x2000024c   COMPRESSED   0x00000004   Data   RW           74    .data               sin_model.o
    0x20000250   COMPRESSED   0x00000004   Data   RW           75    .data               sin_model.o
    0x20000254   COMPRESSED   0x00000004   Data   RW           76    .data               sin_model.o
    0x20000258   COMPRESSED   0x00000030   Data   RW           77    .data               sin_model.o
    0x20000288   COMPRESSED   0x00000004   Data   RW           78    .data               sin_model.o
    0x2000028c   COMPRESSED   0x00000004   Data   RW           79    .data               sin_model.o
    0x20000290   COMPRESSED   0x00000008   Data   RW           80    .data               sin_model.o
    0x20000298   COMPRESSED   0x00000004   Data   RW           81    .data               sin_model.o
    0x2000029c   COMPRESSED   0x00000030   Data   RW           82    .data               sin_model.o
    0x200002cc   COMPRESSED   0x00000010   Data   RW           83    .data               sin_model.o
    0x200002dc   COMPRESSED   0x0000001c   Data   RW           84    .data               sin_model.o
    0x200002f8   COMPRESSED   0x00000010   Data   RW           85    .data               sin_model.o
    0x20000308   COMPRESSED   0x0000001c   Data   RW           86    .data               sin_model.o
    0x20000324   COMPRESSED   0x00000004   Data   RW           87    .data               sin_model.o
    0x20000328   COMPRESSED   0x00000008   Data   RW           88    .data               sin_model.o
    0x20000330   COMPRESSED   0x0000000c   Data   RW           89    .data               sin_model.o
    0x2000033c   COMPRESSED   0x00000004   Data   RW           90    .data               sin_model.o
    0x20000340   COMPRESSED   0x00000008   Data   RW           91    .data               sin_model.o
    0x20000348   COMPRESSED   0x0000000c   Data   RW           92    .data               sin_model.o
    0x20000354   COMPRESSED   0x00000018   Data   RW           93    .data               sin_model.o
    0x2000036c   COMPRESSED   0x00000114   Data   RW           94    .data               sin_model.o
    0x20000480   COMPRESSED   0x0000001c   Data   RW           95    .data               sin_model.o
    0x2000049c   COMPRESSED   0x0000001c   Data   RW           96    .data               sin_model.o
    0x200004b8   COMPRESSED   0x0000001c   Data   RW           97    .data               sin_model.o
    0x200004d4   COMPRESSED   0x0000001c   Data   RW           98    .data               sin_model.o
    0x200004f0   COMPRESSED   0x0000001c   Data   RW           99    .data               sin_model.o
    0x2000050c   COMPRESSED   0x0000001c   Data   RW          100    .data               sin_model.o
    0x20000528   COMPRESSED   0x0000001c   Data   RW          101    .data               sin_model.o
    0x20000544   COMPRESSED   0x0000001c   Data   RW          102    .data               sin_model.o
    0x20000560   COMPRESSED   0x0000001c   Data   RW          103    .data               sin_model.o
    0x2000057c   COMPRESSED   0x0000001c   Data   RW          104    .data               sin_model.o
    0x20000598   COMPRESSED   0x0000001c   Data   RW          105    .data               sin_model.o
    0x200005b4   COMPRESSED   0x0000001c   Data   RW          106    .data               sin_model.o
    0x200005d0   COMPRESSED   0x0000001c   Data   RW          107    .data               sin_model.o
    0x200005ec   COMPRESSED   0x00000020   Data   RW          108    .data               sin_model.o
    0x2000060c   COMPRESSED   0x0000001c   Data   RW          109    .data               sin_model.o
    0x20000628   COMPRESSED   0x00000020   Data   RW          110    .data               sin_model.o
    0x20000648   COMPRESSED   0x0000001c   Data   RW          111    .data               sin_model.o
    0x20000664   COMPRESSED   0x00000010   Data   RW          355    .data               sin_model_data.o
    0x20000674   COMPRESSED   0x00000010   Data   RW          356    .data               sin_model_data.o
    0x20000684   COMPRESSED   0x0000001c   Data   RW          357    .data               sin_model_data.o
    0x200006a0   COMPRESSED   0x0000001c   Data   RW          358    .data               sin_model_data.o
    0x200006bc   COMPRESSED   0x00000024   Data   RW          610    .data               main.o
    0x200006e0   COMPRESSED   0x0000000c   Data   RW         1834    .data               stm32f4xx_hal.o
    0x200006ec   COMPRESSED   0x00000004   Data   RW         3409    .data               system_stm32f4xx.o
    0x200006f0   COMPRESSED   0x00000004   Data   RW         5341    .data               c_w.l(stdio_streams.o)
    0x200006f4   COMPRESSED   0x00000004   Data   RW         5342    .data               c_w.l(stdio_streams.o)
    0x200006f8   COMPRESSED   0x00000004   Data   RW         5343    .data               c_w.l(stdio_streams.o)
    0x200006fc        -       0x0000001c   Zero   RW           23    .bss                sin_model.o
    0x20000718        -       0x00000010   Zero   RW           24    .bss                sin_model.o
    0x20000728        -       0x0000001c   Zero   RW           25    .bss                sin_model.o
    0x20000744        -       0x00000010   Zero   RW           26    .bss                sin_model.o
    0x20000754        -       0x0000008c   Zero   RW          607    .bss                main.o
    0x200007e0        -       0x00000080   Zero   RW          608    .bss                main.o
    0x20000860        -       0x00000054   Zero   RW         5338    .bss                c_w.l(stdio_streams.o)
    0x200008b4        -       0x00000054   Zero   RW         5339    .bss                c_w.l(stdio_streams.o)
    0x20000908        -       0x00000054   Zero   RW         5340    .bss                c_w.l(stdio_streams.o)
    0x2000095c        -       0x00000060   Zero   RW         5449    .bss                c_w.l(libspace.o)
    0x200009bc   COMPRESSED   0x00000004   PAD
    0x200009c0        -       0x00000800   Zero   RW            2    HEAP                startup_stm32f429xx.o
    0x200011c0        -       0x00000800   Zero   RW            1    STACK               startup_stm32f429xx.o


==============================================================================

Image component sizes


      Code (inc. data)   RO Data    RW Data    ZI Data      Debug   Object Name

         0          0          0          0          0     747840   app_x-cube-ai.o
      1040        294          4         36        268       5995   main.o
       584         38        413       1636         88      56558   sin_model.o
        40          4        104         88          0      15495   sin_model_data.o
         0          0       1288          0          0      14936   sin_model_data_params.o
        64         26        428          0       4096        836   startup_stm32f429xx.o
       180         28          0         12          0       9485   stm32f4xx_hal.o
       172         14          0          0          0      33210   stm32f4xx_hal_cortex.o
        34          0          0          0          0       1027   stm32f4xx_hal_crc.o
       590         54          0          0          0       2821   stm32f4xx_hal_gpio.o
       236         40          0          0          0       2730   stm32f4xx_hal_msp.o
       112         14          0          0          0       1268   stm32f4xx_hal_pwr_ex.o
      1348         76          0          0          0       5184   stm32f4xx_hal_rcc.o
       736         74          0          0          0       6896   stm32f4xx_hal_tim.o
       144         28          0          0          0       1324   stm32f4xx_hal_tim_ex.o
       664         10          0          0          0       4156   stm32f4xx_hal_uart.o
        20          0          0          0          0       4082   stm32f4xx_it.o
        16          4         24          4          0       1103   system_stm32f4xx.o

    ----------------------------------------------------------------------
      5990        704       2312       1776       4452     914946   Object Totals
         0          0         32          0          0          0   (incl. Generated)
        10          0         19          0          0          0   (incl. Padding)

    ----------------------------------------------------------------------

      Code (inc. data)   RO Data    RW Data    ZI Data      Debug   Library Member Name

       380         54          0          0          0        360   ai_datatypes_format.o
        76          6          0          0          0        348   ai_datatypes_internal.o
       158          8          0          0          0        368   ai_platform.o
      2880        150        108          0          0       3764   ai_platform_interface.o
        42          0          0          0          0        348   core_common.o
       226          6          0          0          0        628   layers.o
      1024         14          0          0          0        424   layers_conv2d_generic_float.o
       462         16          0          0          0        492   layers_nl_generic_float.o
       372          8          0          0          0        272   lite_dense_if32.o
       144          0          0          0          0        132   st_int8_fill.o
        90          0          0          0          0          0   __dczerorl2.o
         8          0          0          0          0         68   __main.o
       312          4         17          0          0         92   __printf_flags_wp.o
        14          0          0          0          0         68   __printf_wp.o
         0          0          0          0          0          0   __rtentry.o
        12          0          0          0          0          0   __rtentry2.o
         6          0          0          0          0          0   __rtentry4.o
        52          8          0          0          0          0   __scatter.o
        28          0          0          0          0          0   __scatter_zi.o
        44          0          0          0          0        108   _printf_char.o
        48          6          0          0          0         96   _printf_char_common.o
        36          4          0          0          0         80   _printf_char_file.o
         6          0          0          0          0          0   _printf_d.o
       120         16          0          0          0         92   _printf_dec.o
         6          0          0          0          0          0   _printf_f.o
      1054          0          0          0          0        216   _printf_fp_dec.o
       128         16          0          0          0         84   _printf_fp_infnan.o
       178          0          0          0          0         88   _printf_intcommon.o
         0          0          0          0          0          0   _printf_percent.o
         4          0          0          0          0          0   _printf_percent_end.o
         6          0          0          0          0          0   _printf_s.o
        82          0          0          0          0         80   _printf_str.o
       228          4        148          0          0         96   bigflt0.o
      1936        128          0          0          0        672   btod.o
        10          0          0          0          0         68   defsig_exit.o
        50          0          0          0          0         88   defsig_general.o
        80         58          0          0          0         76   defsig_rtmem_inner.o
        14          0          0          0          0         80   defsig_rtmem_outer.o
        52         38          0          0          0         76   defsig_rtred_inner.o
        14          0          0          0          0         80   defsig_rtred_outer.o
        18          0          0          0          0         80   exit.o
        76          0          0          0          0         88   fclose.o
         8          0          0          0          0         68   ferror.o
       236          4          0          0          0        128   fopen.o
       248          6          0          0          0         84   fseek.o
        66          0          0          0          0         76   ftell.o
        94          0          0          0          0         80   h1_alloc.o
        52          0          0          0          0         68   h1_extend.o
        78          0          0          0          0         80   h1_free.o
        14          0          0          0          0         84   h1_init.o
         6          0          0          0          0        152   heapauxi.o
         4          0          0          0          0        136   hguard.o
         0          0          0          0          0          0   indicate_semi.o
       138          0          0          0          0        168   init_alloc.o
       312         46          0          0          0        112   initio.o
        44         10         28          0          0         76   lc_numeric_c.o
         2          0          0          0          0          0   libinit.o
        34          0          0          0          0          0   libinit2.o
         2          0          0          0          0          0   libshutdown.o
         6          0          0          0          0          0   libshutdown2.o
         8          4          0          0         96         68   libspace.o
       138          0          0          0          0         80   lludiv10.o
       238          0          0          0          0        100   lludivv7m.o
         0          0          0          0          0          0   maybetermalloc1.o
        88          0          0          0          0         76   memcmp.o
        24          4          0          0          0         84   noretval__2printf.o
         8          4          0          0          0         68   rt_errno_addr_intlibspace.o
         8          4          0          0          0         68   rt_heap_descriptor_intlibspace.o
         8          4          0          0          0         68   rt_locale_intlibspace.o
        78          0          0          0          0         80   rt_memclr_w.o
       100          0          0          0          0         80   rt_memcpy_w.o
         2          0          0          0          0          0   rtexit.o
        10          0          0          0          0          0   rtexit2.o
        70          0          0          0          0         80   setvbuf.o
       240          6          0          0          0        156   stdio.o
         0          0          0         12        252          0   stdio_streams.o
       128          0          0          0          0         68   strcmpv7m.o
        62          0          0          0          0         76   strlen.o
        12          4          0          0          0         68   sys_exit.o
       102          0         12          0          0        240   sys_io.o
        74          0          0          0          0         80   sys_stackheap_outer.o
        14          0          0          0          0         76   sys_wrch.o
         2          0          0          0          0         68   use_no_semi.o
        12          0          0          0          0        116   dretinf.o
        86          4          0          0          0        132   f2d.o
       140          4          0          0          0        132   fnaninf.o
        10          0          0          0          0        116   fpinit.o
         4          0          0          0          0        116   printf1.o
         0          0          0          0          0          0   usenofp.o
        48          0          0          0          0        124   fpclassify.o

    ----------------------------------------------------------------------
     13566        648        316         12        352      13344   Library Totals
        32          0          3          0          4          0   (incl. Padding)

    ----------------------------------------------------------------------

      Code (inc. data)   RO Data    RW Data    ZI Data      Debug   Library Name

      5764        262        108          0          0       7136   NetworkRuntime810_CM4_Keil.lib
      7470        378        205         12        348       5472   c_w.l
       252          8          0          0          0        612   fz_wm.l
        48          0          0          0          0        124   m_wm.l

    ----------------------------------------------------------------------
     13566        648        316         12        352      13344   Library Totals

    ----------------------------------------------------------------------

==============================================================================


      Code (inc. data)   RO Data    RW Data    ZI Data      Debug   

     19556       1352       2628       1788       4804     913774   Grand Totals
     19556       1352       2628        540       4804     913774   ELF Image Totals (compressed)
     19556       1352       2628        540          0          0   ROM Totals

==============================================================================

    Total RO  Size (Code + RO Data)                22184 (  21.66kB)
    Total RW  Size (RW Data + ZI Data)              6592 (   6.44kB)
    Total ROM Size (Code + RO Data + RW Data)      22724 (  22.19kB)

==============================================================================

